Component: ARM Compiler 5.05 update 1 (build 106) Tool: armlink [4d0efa]

==============================================================================

Section Cross References

    startup_stm32f407xx.o(STACK) refers (Special) to heapauxi.o(.text) for __use_two_region_memory
    startup_stm32f407xx.o(HEAP) refers (Special) to heapauxi.o(.text) for __use_two_region_memory
    startup_stm32f407xx.o(RESET) refers (Special) to heapauxi.o(.text) for __use_two_region_memory
    startup_stm32f407xx.o(RESET) refers to startup_stm32f407xx.o(STACK) for __initial_sp
    startup_stm32f407xx.o(RESET) refers to startup_stm32f407xx.o(.text) for Reset_Handler
    startup_stm32f407xx.o(RESET) refers to stm32f4xx_it.o(i.NMI_Handler) for NMI_Handler
    startup_stm32f407xx.o(RESET) refers to stm32f4xx_it.o(i.HardFault_Handler) for HardFault_Handler
    startup_stm32f407xx.o(RESET) refers to stm32f4xx_it.o(i.MemManage_Handler) for MemManage_Handler
    startup_stm32f407xx.o(RESET) refers to stm32f4xx_it.o(i.BusFault_Handler) for BusFault_Handler
    startup_stm32f407xx.o(RESET) refers to stm32f4xx_it.o(i.UsageFault_Handler) for UsageFault_Handler
    startup_stm32f407xx.o(RESET) refers to port.o(.emb_text) for SVC_Handler
    startup_stm32f407xx.o(RESET) refers to stm32f4xx_it.o(i.DebugMon_Handler) for DebugMon_Handler
    startup_stm32f407xx.o(RESET) refers to cmsis_os2.o(i.SysTick_Handler) for SysTick_Handler
    startup_stm32f407xx.o(RESET) refers to stm32f4xx_it.o(i.PVD_IRQHandler) for PVD_IRQHandler
    startup_stm32f407xx.o(RESET) refers to stm32f4xx_it.o(i.DMA1_Stream1_IRQHandler) for DMA1_Stream1_IRQHandler
    startup_stm32f407xx.o(RESET) refers to stm32f4xx_it.o(i.DMA1_Stream3_IRQHandler) for DMA1_Stream3_IRQHandler
    startup_stm32f407xx.o(RESET) refers to stm32f4xx_it.o(i.TIM1_TRG_COM_TIM11_IRQHandler) for TIM1_TRG_COM_TIM11_IRQHandler
    startup_stm32f407xx.o(RESET) refers to stm32f4xx_it.o(i.USART1_IRQHandler) for USART1_IRQHandler
    startup_stm32f407xx.o(RESET) refers to stm32f4xx_it.o(i.USART3_IRQHandler) for USART3_IRQHandler
    startup_stm32f407xx.o(RESET) refers to stm32f4xx_it.o(i.RTC_Alarm_IRQHandler) for RTC_Alarm_IRQHandler
    startup_stm32f407xx.o(RESET) refers to stm32f4xx_it.o(i.TIM8_TRG_COM_TIM14_IRQHandler) for TIM8_TRG_COM_TIM14_IRQHandler
    startup_stm32f407xx.o(RESET) refers to stm32f4xx_it.o(i.TIM6_DAC_IRQHandler) for TIM6_DAC_IRQHandler
    startup_stm32f407xx.o(RESET) refers to stm32f4xx_it.o(i.TIM7_IRQHandler) for TIM7_IRQHandler
    startup_stm32f407xx.o(RESET) refers to stm32f4xx_it.o(i.DMA2_Stream0_IRQHandler) for DMA2_Stream0_IRQHandler
    startup_stm32f407xx.o(RESET) refers to stm32f4xx_it.o(i.DMA2_Stream1_IRQHandler) for DMA2_Stream1_IRQHandler
    startup_stm32f407xx.o(RESET) refers to stm32f4xx_it.o(i.DMA2_Stream6_IRQHandler) for DMA2_Stream6_IRQHandler
    startup_stm32f407xx.o(RESET) refers to stm32f4xx_it.o(i.USART6_IRQHandler) for USART6_IRQHandler
    startup_stm32f407xx.o(.text) refers (Special) to heapauxi.o(.text) for __use_two_region_memory
    startup_stm32f407xx.o(.text) refers to system_stm32f4xx.o(i.SystemInit) for SystemInit
    startup_stm32f407xx.o(.text) refers to __main.o(!!!main) for __main
    startup_stm32f407xx.o(.text) refers to startup_stm32f407xx.o(HEAP) for Heap_Mem
    startup_stm32f407xx.o(.text) refers to startup_stm32f407xx.o(STACK) for Stack_Mem
    event_groups.o(i.vEventGroupClearBitsCallback) refers to event_groups.o(i.xEventGroupClearBits) for xEventGroupClearBits
    event_groups.o(i.vEventGroupDelete) refers to tasks.o(i.vTaskSuspendAll) for vTaskSuspendAll
    event_groups.o(i.vEventGroupDelete) refers to tasks.o(i.vTaskRemoveFromUnorderedEventList) for vTaskRemoveFromUnorderedEventList
    event_groups.o(i.vEventGroupDelete) refers to heap_4.o(i.vPortFree) for vPortFree
    event_groups.o(i.vEventGroupDelete) refers to tasks.o(i.xTaskResumeAll) for xTaskResumeAll
    event_groups.o(i.vEventGroupSetBitsCallback) refers to event_groups.o(i.xEventGroupSetBits) for xEventGroupSetBits
    event_groups.o(i.xEventGroupClearBits) refers to port.o(i.vPortEnterCritical) for vPortEnterCritical
    event_groups.o(i.xEventGroupClearBits) refers to port.o(i.vPortExitCritical) for vPortExitCritical
    event_groups.o(i.xEventGroupClearBitsFromISR) refers to timers.o(i.xTimerPendFunctionCallFromISR) for xTimerPendFunctionCallFromISR
    event_groups.o(i.xEventGroupClearBitsFromISR) refers to event_groups.o(i.vEventGroupClearBitsCallback) for vEventGroupClearBitsCallback
    event_groups.o(i.xEventGroupCreate) refers to heap_4.o(i.pvPortMalloc) for pvPortMalloc
    event_groups.o(i.xEventGroupCreate) refers to list.o(i.vListInitialise) for vListInitialise
    event_groups.o(i.xEventGroupCreateStatic) refers to list.o(i.vListInitialise) for vListInitialise
    event_groups.o(i.xEventGroupSetBits) refers to tasks.o(i.vTaskSuspendAll) for vTaskSuspendAll
[...]
    htim14                                   0x2000859c   Data          72  stm32f4xx_hal_timebase_tim.o(.bss)
    pFlash                                   0x200085e4   Data          32  stm32f4xx_hal_flash.o(.bss)
    __libspace_start                         0x20008604   Data          96  libspace.o(.bss)
    __temporary_stack_top$libspace           0x20008664   Data           0  libspace.o(.bss)



==============================================================================

Memory Map of the image

  Image Entry point : 0x08040189

  Load Region LR_IROM1 (Base: 0x08040000, Size: 0x0001fb2c, Max: 0x00040000, ABSOLUTE, COMPRESSED[0x0001f7ac])

    Execution Region ER_IROM1 (Base: 0x08040000, Size: 0x0001f6c0, Max: 0x00040000, ABSOLUTE)

    Base Addr    Size         Type   Attr      Idx    E Section Name        Object

    0x08040000   0x00000188   Data   RO            3    RESET               startup_stm32f407xx.o
    0x08040188   0x00000008   Code   RO        10575  * !!!main             c_w.l(__main.o)
    0x08040190   0x00000034   Code   RO        10853    !!!scatter          c_w.l(__scatter.o)
    0x080401c4   0x0000005a   Code   RO        10851    !!dczerorl2         c_w.l(__dczerorl2.o)
    0x0804021e   0x00000002   PAD
    0x08040220   0x0000001c   Code   RO        10855    !!handler_zi        c_w.l(__scatter_zi.o)
    0x0804023c   0x00000000   Code   RO        10562    .ARM.Collect$$_printf_percent$$00000000  c_w.l(_printf_percent.o)
    0x0804023c   0x00000006   Code   RO        10561    .ARM.Collect$$_printf_percent$$00000009  c_w.l(_printf_d.o)
    0x08040242   0x00000004   Code   RO        10652    .ARM.Collect$$_printf_percent$$00000017  c_w.l(_printf_percent_end.o)
    0x08040246   0x00000002   Code   RO        10727    .ARM.Collect$$libinit$$00000000  c_w.l(libinit.o)
    0x08040248   0x00000004   Code   RO        10736    .ARM.Collect$$libinit$$00000001  c_w.l(libinit2.o)
    0x0804024c   0x00000000   Code   RO        10739    .ARM.Collect$$libinit$$00000004  c_w.l(libinit2.o)
    0x0804024c   0x00000000   Code   RO        10742    .ARM.Collect$$libinit$$0000000A  c_w.l(libinit2.o)
    0x0804024c   0x00000000   Code   RO        10744    .ARM.Collect$$libinit$$0000000C  c_w.l(libinit2.o)
    0x0804024c   0x00000000   Code   RO        10746    .ARM.Collect$$libinit$$0000000E  c_w.l(libinit2.o)
    0x0804024c   0x00000000   Code   RO        10749    .ARM.Collect$$libinit$$00000011  c_w.l(libinit2.o)
    0x0804024c   0x00000000   Code   RO        10751    .ARM.Collect$$libinit$$00000013  c_w.l(libinit2.o)
    0x0804024c   0x00000000   Code   RO        10753    .ARM.Collect$$libinit$$00000015  c_w.l(libinit2.o)
    0x0804024c   0x00000000   Code   RO        10755    .ARM.Collect$$libinit$$00000017  c_w.l(libinit2.o)
    0x0804024c   0x00000000   Code   RO        10757    .ARM.Collect$$libinit$$00000019  c_w.l(libinit2.o)
    0x0804024c   0x00000000   Code   RO        10759    .ARM.Collect$$libinit$$0000001B  c_w.l(libinit2.o)
    0x0804024c   0x00000000   Code   RO        10761    .ARM.Collect$$libinit$$0000001D  c_w.l(libinit2.o)
    0x0804024c   0x00000000   Code   RO        10763    .ARM.Collect$$libinit$$0000001F  c_w.l(libinit2.o)
    0x0804024c   0x00000000   Code   RO        10765    .ARM.Collect$$libinit$$00000021  c_w.l(libinit2.o)
    0x0804024c   0x00000000   Code   RO        10767    .ARM.Collect$$libinit$$00000023  c_w.l(libinit2.o)
    0x0804024c   0x00000000   Code   RO        10769    .ARM.Collect$$libinit$$00000025  c_w.l(libinit2.o)
    0x0804024c   0x00000000   Code   RO        10773    .ARM.Collect$$libinit$$0000002C  c_w.l(libinit2.o)
    0x0804024c   0x00000000   Code   RO        10775    .ARM.Collect$$libinit$$0000002E  c_w.l(libinit2.o)
    0x0804024c   0x00000000   Code   RO        10777    .ARM.Collect$$libinit$$00000030  c_w.l(libinit2.o)
    0x0804024c   0x00000000   Code   RO        10779    .ARM.Collect$$libinit$$00000032  c_w.l(libinit2.o)
    0x0804024c   0x00000002   Code   RO        10780    .ARM.Collect$$libinit$$00000033  c_w.l(libinit2.o)
    0x0804024e   0x00000002   Code   RO        10806    .ARM.Collect$$libshutdown$$00000000  c_w.l(libshutdown.o)
    0x08040250   0x00000000   Code   RO        10836    .ARM.Collect$$libshutdown$$00000003  c_w.l(libshutdown2.o)
    0x08040250   0x00000000   Code   RO        10839    .ARM.Collect$$libshutdown$$00000006  c_w.l(libshutdown2.o)
    0x08040250   0x00000000   Code   RO        10842    .ARM.Collect$$libshutdown$$00000009  c_w.l(libshutdown2.o)
    0x08040250   0x00000000   Code   RO        10844    .ARM.Collect$$libshutdown$$0000000B  c_w.l(libshutdown2.o)
    0x08040250   0x00000000   Code   RO        10847    .ARM.Collect$$libshutdown$$0000000E  c_w.l(libshutdown2.o)
    0x08040250   0x00000002   Code   RO        10848    .ARM.Collect$$libshutdown$$0000000F  c_w.l(libshutdown2.o)
    0x08040252   0x00000000   Code   RO        10639    .ARM.Collect$$rtentry$$00000000  c_w.l(__rtentry.o)
    0x08040252   0x00000000   Code   RO        10688    .ARM.Collect$$rtentry$$00000002  c_w.l(__rtentry2.o)
    0x08040252   0x00000006   Code   RO        10700    .ARM.Collect$$rtentry$$00000004  c_w.l(__rtentry4.o)
    0x08040258   0x00000000   Code   RO        10690    .ARM.Collect$$rtentry$$00000009  c_w.l(__rtentry2.o)
    0x08040258   0x00000004   Code   RO        10691    .ARM.Collect$$rtentry$$0000000A  c_w.l(__rtentry2.o)
    0x0804025c   0x00000000   Code   RO        10693    .ARM.Collect$$rtentry$$0000000C  c_w.l(__rtentry2.o)
    0x0804025c   0x00000008   Code   RO        10694    .ARM.Collect$$rtentry$$0000000D  c_w.l(__rtentry2.o)
    0x08040264   0x00000002   Code   RO        10728    .ARM.Collect$$rtexit$$00000000  c_w.l(rtexit.o)
    0x08040266   0x00000000   Code   RO        10782    .ARM.Collect$$rtexit$$00000002  c_w.l(rtexit2.o)
    0x08040266   0x00000004   Code   RO        10783    .ARM.Collect$$rtexit$$00000003  c_w.l(rtexit2.o)
    0x0804026a   0x00000006   Code   RO        10784    .ARM.Collect$$rtexit$$00000004  c_w.l(rtexit2.o)
    0x08040270   0x000000be   Code   RO         1854    .emb_text           port.o
    0x0804032e   0x00000002   PAD
    0x08040330   0x00000040   Code   RO            4    .text               startup_stm32f407xx.o
    0x08040370   0x000000ee   Code   RO        10531    .text               c_w.l(lludivv7m.o)
    0x0804045e   0x00000002   PAD
    0x08040460   0x0000002c   Code   RO        10533    .text               c_w.l(__2sprintf.o)
    0x0804048c   0x00000068   Code   RO        10537    .text               c_w.l(__printf.o)
    0x080404f4   0x00000078   Code   RO        10539    .text               c_w.l(_printf_dec.o)
    0x0804056c   0x0000008a   Code   RO        10563    .text               c_w.l(rt_memcpy_v6.o)
    0x080405f6   0x00000064   Code   RO        10565    .text               c_w.l(rt_memcpy_w.o)
    0x0804065a   0x00000010   Code   RO        10569    .text               c_w.l(aeabi_memset.o)
    0x0804066a   0x0000004e   Code   RO        10571    .text               c_w.l(rt_memclr_w.o)
    0x080406b8   0x00000006   Code   RO        10573    .text               c_w.l(heapauxi.o)
    0x080406be   0x00000016   Code   RO        10644    .text               c_w.l(_rserrno.o)
    0x080406d4   0x000000b2   Code   RO        10646    .text               c_w.l(_printf_intcommon.o)
    0x08040786   0x00000002   PAD
    0x08040788   0x00000030   Code   RO        10648    .text               c_w.l(_printf_char_common.o)
    0x080407b8   0x0000000a   Code   RO        10650    .text               c_w.l(_sputc.o)
    0x080407c2   0x00000044   Code   RO        10653    .text               c_w.l(rt_memclr.o)
    0x08040806   0x00000002   PAD
    0x08040808   0x00000008   Code   RO        10707    .text               c_w.l(rt_errno_addr_intlibspace.o)
    0x08040810   0x00000008   Code   RO        10711    .text               c_w.l(libspace.o)
    0x08040818   0x0000004a   Code   RO        10714    .text               c_w.l(sys_stackheap_outer.o)
    0x08040862   0x0000000c   Code   RO        10716    .text               c_w.l(exit.o)
    0x0804086e   0x00000002   PAD
    0x08040870   0x00000024   Code   RO         4063    i.ADS1220AssertCS   ads1220.o
    0x08040894   0x00000066   Code   RO         4064    i.ADS1220Config     ads1220.o
    0x080408fa   0x0000003e   Code   RO         4080    i.ADS1220ReadData   ads1220.o
    0x08040938   0x00000042   Code   RO         4081    i.ADS1220ReadRegister  ads1220.o
    0x0804097a   0x00000002   PAD
    0x0804097c   0x00000090   Code   RO         4082    i.ADS1220ReceiveByte  ads1220.o
    0x08040a0c   0x0000008c   Code   RO         4083    i.ADS1220SendByte   ads1220.o
    0x08040a98   0x00000016   Code   RO         4086    i.ADS1220SendStartCommand  ads1220.o
    0x08040aae   0x00000014   Code   RO         4089    i.ADS1220SetChannel  ads1220.o
    0x08040ac2   0x00000042   Code   RO         4102    i.ADS1220WriteRegister  ads1220.o
    0x08040b04   0x0000003c   Code   RO         3342    i.AddAgentLoopPool  peristalticpump.o
    0x08040b40   0x00000058   Code   RO         3343    i.AddAgentToPool    peristalticpump.o
    0x08040b98   0x00000002   Code   RO         3196    i.AddErrRecord      flashuserdata.o
    0x08040b9a   0x00000002   PAD
    0x08040b9c   0x0000002c   Code   RO         4536    i.AlarmA_Off        clock.o
    0x08040bc8   0x00000020   Code   RO         4537    i.AlarmA_On         clock.o
    0x08040be8   0x00001cc8   Code   RO         5500    i.AutoRun           processcontroltask.o
    0x080428b0   0x00000002   Code   RO         7082    i.BusFault_Handler  stm32f4xx_it.o
    0x080428b2   0x00000002   PAD
    0x080428b4   0x0000002c   Code   RO         5191    i.Buzzer_ON_MS      uartsrxtask.o
    0x080428e0   0x00000218   Code   RO         5192    i.Caidingbsm        uartsrxtask.o
    0x08042af8   0x00000338   Code   RO         5193    i.Caiqianpd         uartsrxtask.o
    0x08042e30   0x00000354   Code   RO         5194    i.Caiyang           uartsrxtask.o
    0x08043184   0x0000046c   Code   RO         5195    i.Caiyang_CODMN     uartsrxtask.o
    0x080435f0   0x0000001c   Code   RO         4819    i.Calculate_rzsum   yssyringepump.o
    0x0804360c   0x000002b8   Code   RO         6430    i.CheckLevelsAD     proccommon.o
    0x080438c4   0x00000070   Code   RO         5501    i.Check_Reset       processcontroltask.o
    0x08043934   0x00000568   Code   RO         5196    i.Check_Self        uartsrxtask.o
    0x08043e9c   0x000000c0   Code   RO         5197    i.ChouWaterbdwbsm   uartsrxtask.o
    0x08043f5c   0x00000118   Code   RO         5198    i.Chouyetibdw       uartsrxtask.o
    0x08044074   0x00000010   Code   RO         3713    i.ClearPidParam     pid.o
    0x08044084   0x000000a8   Code   RO         3638    i.CloseAllValves    valve.o
    0x0804412c   0x00000038   Code   RO         5676    i.CloseCoolFan      tempcontroltask.o
    0x08044164   0x0000003c   Code   RO         5973    i.CloseFunValve     instrumentinfo.o
    0x080441a0   0x00000004   Code   RO         4732    i.CloseSpectroLight  ysspectro.o
    0x080441a4   0x00000038   Code   RO         5878    i.CloseStir         stirtask.o
    0x080441dc   0x0000015c   Code   RO         3639    i.CloseValveX       valve.o
    0x08044338   0x00000034   Code   RO         3640    i.CloseValves       valve.o
    0x0804436c   0x00000090   Code   RO         5502    i.Continue_Mode     processcontroltask.o
    0x080443fc   0x00000090   Code   RO         5503    i.Controlled_Mode   processcontroltask.o
    0x0804448c   0x00000070   Code   RO         7083    i.DMA1_Stream1_IRQHandler  stm32f4xx_it.o
    0x080444fc   0x00000080   Code   RO         7084    i.DMA1_Stream3_IRQHandler  stm32f4xx_it.o
    0x0804457c   0x00000144   Code   RO         7085    i.DMA2_Stream0_IRQHandler  stm32f4xx_it.o
    0x080446c0   0x00000070   Code   RO         7086    i.DMA2_Stream1_IRQHandler  stm32f4xx_it.o
    0x08044730   0x00000080   Code   RO         7087    i.DMA2_Stream6_IRQHandler  stm32f4xx_it.o
    0x080447b0   0x00000120   Code   RO         5790    i.DataConv          datacollecttask.o
    0x080448d0   0x00000002   Code   RO         7088    i.DebugMon_Handler  stm32f4xx_it.o
    0x080448d2   0x00000002   PAD
    0x080448d4   0x000001e4   Code   RO         3346    i.DeterminLevelDown  peristalticpump.o
    0x08044ab8   0x000001f0   Code   RO         3347    i.DeterminLevelUp   peristalticpump.o
    0x08044ca8   0x000003f4   Code   RO         3348    i.DrawLiquid        peristalticpump.o
    0x0804509c   0x00000004   Code   RO         1934    i.EnterCriticalSection  port_1.o
    0x080450a0   0x00000036   Code   RO         3349    i.ErrorCodeConvert  peristalticpump.o
    0x080450d6   0x00000002   PAD
    0x080450d8   0x0000004c   Code   RO         5930    i.ErrorCodeManageTask  errormanagetask.o
    0x08045124   0x00000004   Code   RO         6604    i.Error_Handler     main.o
    0x08045128   0x00000004   Code   RO         1935    i.ExitCriticalSection  port_1.o
    0x0804512c   0x0000005c   Code   RO         8086    i.FLASH_Erase_Sector  stm32f4xx_hal_flash_ex.o
    0x08045188   0x00000078   Code   RO         8087    i.FLASH_FlushCaches  stm32f4xx_hal_flash_ex.o
    0x08045200   0x00000030   Code   RO         8088    i.FLASH_MassErase   stm32f4xx_hal_flash_ex.o
    0x08045230   0x00000024   Code   RO         7968    i.FLASH_Program_Byte  stm32f4xx_hal_flash.o
    0x08045254   0x0000003c   Code   RO         7969    i.FLASH_Program_DoubleWord  stm32f4xx_hal_flash.o
    0x08045290   0x00000028   Code   RO         7970    i.FLASH_Program_HalfWord  stm32f4xx_hal_flash.o
    0x080452b8   0x00000028   Code   RO         7971    i.FLASH_Program_Word  stm32f4xx_hal_flash.o
    0x080452e0   0x00000098   Code   RO         7972    i.FLASH_SetErrorCode  stm32f4xx_hal_flash.o
    0x08045378   0x00000064   Code   RO         7973    i.FLASH_WaitForLastOperation  stm32f4xx_hal_flash.o
    0x080453dc   0x00000184   Code   RO         5199    i.Fanhui            uartsrxtask.o
    0x08045560   0x0000004e   Code   RO         3350    i.FillLoop          peristalticpump.o
    0x080455ae   0x00000002   PAD
    0x080455b0   0x00000068   Code   RO         3351    i.FillTubeWithAgent  peristalticpump.o
    0x08045618   0x00000090   Code   RO         5504    i.FixedPoint_Mode   processcontroltask.o
    0x080456a8   0x0000008c   Code   RO         5200    i.GPY               uartsrxtask.o
    0x08045734   0x0000008c   Code   RO         6031    i.GetADabsReal      procapi.o
    0x080457c0   0x00000034   Code   RO         5974    i.GetLiquidFun      instrumentinfo.o
    0x080457f4   0x00000034   Code   RO         5975    i.GetRelays         instrumentinfo.o
    0x08045828   0x00000038   Code   RO         5074    i.GetSyringeValveNum  syringepump.o
    0x08045860   0x000001b0   Code   RO         5677    i.GetTemperature    tempcontroltask.o
    0x08045a10   0x00000020   Code   RO         5201    i.GetWaterState     uartsrxtask.o
    0x08045a30   0x00000050   Code   RO         5791    i.Get_RealTime      datacollecttask.o
    0x08045a80   0x000000ac   Code   RO         8098    i.HAL_FLASHEx_Erase  stm32f4xx_hal_flash_ex.o
    0x08045b2c   0x00000014   Code   RO         7977    i.HAL_FLASH_Lock    stm32f4xx_hal_flash.o
    0x08045b40   0x00000098   Code   RO         7982    i.HAL_FLASH_Program  stm32f4xx_hal_flash.o
    0x08045bd8   0x00000034   Code   RO         7984    i.HAL_FLASH_Unlock  stm32f4xx_hal_flash.o
    0x08045c0c   0x00000014   Code   RO         8215    i.HAL_GPIO_TogglePin  stm32f4xx_hal_gpio.o
    0x08045c20   0x0000000c   Code   RO         8216    i.HAL_GPIO_WritePin  stm32f4xx_hal_gpio.o
    0x08045c2c   0x0000000c   Code   RO         8749    i.HAL_GetTick       stm32f4xx_hal.o
    0x08045c38   0x00000018   Code   RO         8755    i.HAL_IncTick       stm32f4xx_hal.o
    0x08045c50   0x0000003c   Code   RO         8756    i.HAL_Init          stm32f4xx_hal.o
    0x08045c8c   0x00000078   Code   RO         7262    i.HAL_InitTick      stm32f4xx_hal_timebase_tim.o
    0x08045d04   0x0000004c   Code   RO         7238    i.HAL_MspInit       stm32f4xx_hal_msp.o
    0x08045d50   0x00000020   Code   RO         8601    i.HAL_NVIC_EnableIRQ  stm32f4xx_hal_cortex.o
    0x08045d70   0x0000007c   Code   RO         8607    i.HAL_NVIC_SetPriority  stm32f4xx_hal_cortex.o
    0x08045dec   0x00000028   Code   RO         8608    i.HAL_NVIC_SetPriorityGrouping  stm32f4xx_hal_cortex.o
    0x08045e14   0x00000002   Code   RO         8437    i.HAL_PWR_PVDCallback  stm32f4xx_hal_pwr.o
    0x08045e16   0x00000002   PAD
    0x08045e18   0x00000020   Code   RO         8438    i.HAL_PWR_PVD_IRQHandler  stm32f4xx_hal_pwr.o
    0x08045e38   0x00000044   Code   RO         7817    i.HAL_RCC_GetClockConfig  stm32f4xx_hal_rcc.o
    0x08045e7c   0x0000000c   Code   RO         7818    i.HAL_RCC_GetHCLKFreq  stm32f4xx_hal_rcc.o
    0x08045e88   0x00000020   Code   RO         7820    i.HAL_RCC_GetPCLK1Freq  stm32f4xx_hal_rcc.o
    0x08045ea8   0x00000002   Code   RO        10018    i.HAL_TIMEx_BreakCallback  stm32f4xx_hal_tim_ex.o
    0x08045eaa   0x00000002   Code   RO        10019    i.HAL_TIMEx_CommutCallback  stm32f4xx_hal_tim_ex.o
    0x08045eac   0x00000066   Code   RO         9303    i.HAL_TIM_Base_Init  stm32f4xx_hal_tim.o
    0x08045f12   0x00000002   Code   RO         9305    i.HAL_TIM_Base_MspInit  stm32f4xx_hal_tim.o
    0x08045f14   0x000000a8   Code   RO         9308    i.HAL_TIM_Base_Start_IT  stm32f4xx_hal_tim.o
    0x08045fbc   0x00000002   Code   RO         9337    i.HAL_TIM_IC_CaptureCallback  stm32f4xx_hal_tim.o
    0x08045fbe   0x00000196   Code   RO         9351    i.HAL_TIM_IRQHandler  stm32f4xx_hal_tim.o
    0x08046154   0x00000002   Code   RO         9354    i.HAL_TIM_OC_DelayElapsedCallback  stm32f4xx_hal_tim.o
    0x08046156   0x00000002   Code   RO         9381    i.HAL_TIM_PWM_PulseFinishedCallback  stm32f4xx_hal_tim.o
    0x08046158   0x00000012   Code   RO         6605    i.HAL_TIM_PeriodElapsedCallback  main.o
    0x0804616a   0x00000002   Code   RO         9394    i.HAL_TIM_TriggerCallback  stm32f4xx_hal_tim.o
    0x0804616c   0x00000228   Code   RO         5202    i.HCCaidingbsm      uartsrxtask.o
    0x08046394   0x00000330   Code   RO         5203    i.HCCaiyang         uartsrxtask.o
    0x080466c4   0x0000009c   Code   RO         5204    i.HCChouyetibdw     uartsrxtask.o
    0x08046760   0x000000c4   Code   RO         5205    i.HCPaikongbsm      uartsrxtask.o
    0x08046824   0x0000026c   Code   RO         5206    i.HCRunxi           uartsrxtask.o
    0x08046a90   0x000008b0   Code   RO         5207    i.HCSTART_NH3N      uartsrxtask.o
    0x08047340   0x000001ec   Code   RO         5208    i.HCXishi_NH3N      uartsrxtask.o
    0x0804752c   0x00000098   Code   RO         4820    i.HC_SETHOLE        yssyringepump.o
    0x080475c4   0x0000015c   Code   RO         4821    i.HC_SET_ML         yssyringepump.o
    0x08047720   0x00000010   Code   RO         4822    i.HC_SET_NC         yssyringepump.o
    0x08047730   0x00000010   Code   RO         4823    i.HC_SET_NO         yssyringepump.o
    0x08047740   0x00000084   Code   RO         4824    i.HC_SET_SPEED      yssyringepump.o
    0x080477c4   0x00000002   Code   RO         5931    i.HandleError       errormanagetask.o
    0x080477c6   0x00000002   Code   RO         7089    i.HardFault_Handler  stm32f4xx_it.o
    0x080477c8   0x00000444   Code   RO         5505    i.HostCmdProcess    processcontroltask.o
    0x08047c0c   0x00000018   Code   RO         3972    i.HostModbusSend    modbusmaster.o
    0x08047c24   0x0000000c   Code   RO         5678    i.HotHoldTimerCallback  tempcontroltask.o
    0x08047c30   0x00000048   Code   RO         6431    i.InitProcHandles   proccommon.o
    0x08047c78   0x00000050   Code   RO         5075    i.InitPumpSyringe   syringepump.o
    0x08047cc8   0x000001cc   Code   RO         4463    i.InitSTM32F4Calendar  stmcalendar.o
    0x08047e94   0x0000004c   Code   RO         3513    i.InitStepStatus    progressbar.o
    0x08047ee0   0x0000003c   Code   RO         5076    i.InitSyringeTitrationPumpParam  syringepump.o
    0x08047f1c   0x000005e8   Code   RO         3198    i.InitUserData      flashuserdata.o
    0x08048504   0x00000048   Code   RO         5976    i.InitValveRelayInfo  instrumentinfo.o
    0x0804854c   0x00000070   Code   RO         7392    i.LL_ADC_CommonInit  stm32f4xx_ll_adc.o
    0x080485bc   0x00000038   Code   RO         7397    i.LL_ADC_Init       stm32f4xx_ll_adc.o
    0x080485f4   0x0000000a   Code   RO         7398    i.LL_ADC_IsEnabled  stm32f4xx_ll_adc.o
    0x080485fe   0x00000002   PAD
    0x08048600   0x00000064   Code   RO         7399    i.LL_ADC_REG_Init   stm32f4xx_ll_adc.o
    0x08048664   0x00000038   Code   RO         6764    i.LL_ADC_REG_SetSequencerRanks  adc.o
    0x0804869c   0x00000054   Code   RO         6765    i.LL_ADC_SetChannelSamplingTime  adc.o
    0x080486f0   0x00000010   Code   RO        10451    i.LL_APB1_GRP1_ForceReset  stm32f4xx_ll_usart.o
    0x08048700   0x00000010   Code   RO        10452    i.LL_APB1_GRP1_ReleaseReset  stm32f4xx_ll_usart.o
    0x08048710   0x00000010   Code   RO        10453    i.LL_APB2_GRP1_ForceReset  stm32f4xx_ll_usart.o
    0x08048720   0x00000010   Code   RO        10454    i.LL_APB2_GRP1_ReleaseReset  stm32f4xx_ll_usart.o
    0x08048730   0x0000001a   Code   RO         5792    i.LL_DAC_ConvertData12RightAligned  datacollecttask.o
    0x0804874a   0x00000012   Code   RO         5793    i.LL_DAC_Enable     datacollecttask.o
    0x0804875c   0x0000007e   Code   RO         8995    i.LL_DAC_Init       stm32f4xx_ll_dac.o
    0x080487da   0x00000002   PAD
    0x080487dc   0x0000000c   Code   RO         4538    i.LL_EXTI_ClearFlag_0_31  clock.o
    0x080487e8   0x00000138   Code   RO         7342    i.LL_GPIO_Init      stm32f4xx_ll_gpio.o
    0x08048920   0x00000012   Code   RO         4103    i.LL_GPIO_IsInputPinSet  ads1220.o
    0x08048932   0x00000012   Code   RO         5879    i.LL_GPIO_IsInputPinSet  stirtask.o
    0x08048944   0x00000006   Code   RO         2081    i.LL_GPIO_ResetOutputPin  portserial.o
    0x0804894a   0x00000006   Code   RO         3641    i.LL_GPIO_ResetOutputPin  valve.o
    0x08048950   0x00000006   Code   RO         3973    i.LL_GPIO_ResetOutputPin  modbusmaster.o
    0x08048956   0x00000004   Code   RO         3642    i.LL_GPIO_SetOutputPin  valve.o
    0x0804895a   0x00000024   Code   RO         7540    i.LL_RCC_GetSystemClocksFreq  stm32f4xx_ll_rcc.o
    0x0804897e   0x00000002   PAD
    0x08048980   0x00000010   Code   RO         7542    i.LL_RCC_PLL_GetN   stm32f4xx_ll_rcc.o
    0x08048990   0x0000000a   Code   RO         4539    i.LL_RTC_ALMA_Disable  clock.o
    0x0804899a   0x0000000a   Code   RO         4540    i.LL_RTC_ALMA_Enable  clock.o
    0x080489a4   0x0000000e   Code   RO         4464    i.LL_RTC_BAK_SetRegister  stmcalendar.o
    0x080489b2   0x00000002   PAD
    0x080489b4   0x00000048   Code   RO         9044    i.LL_RTC_DATE_Config  stm32f4xx_ll_rtc.o
    0x080489fc   0x0000000a   Code   RO         4465    i.LL_RTC_DATE_GetMonth  stmcalendar.o
    0x08048a06   0x0000000a   Code   RO         4466    i.LL_RTC_DATE_GetYear  stmcalendar.o
    0x08048a10   0x000000d6   Code   RO         9045    i.LL_RTC_DATE_Init  stm32f4xx_ll_rtc.o
    0x08048ae6   0x00000008   Code   RO         9048    i.LL_RTC_DisableInitMode  stm32f4xx_ll_rtc.o
    0x08048aee   0x0000000a   Code   RO         4541    i.LL_RTC_DisableWriteProtection  clock.o
    0x08048af8   0x0000000a   Code   RO         9049    i.LL_RTC_DisableWriteProtection  stm32f4xx_ll_rtc.o
    0x08048b02   0x0000000a   Code   RO         4542    i.LL_RTC_EnableIT_ALRA  clock.o
    0x08048b0c   0x00000006   Code   RO         4543    i.LL_RTC_EnableWriteProtection  clock.o
    0x08048b12   0x00000006   Code   RO         9050    i.LL_RTC_EnableWriteProtection  stm32f4xx_ll_rtc.o
    0x08048b18   0x00000050   Code   RO         9051    i.LL_RTC_EnterInitMode  stm32f4xx_ll_rtc.o
    0x08048b68   0x0000000a   Code   RO         9053    i.LL_RTC_GetHourFormat  stm32f4xx_ll_rtc.o
    0x08048b72   0x00000056   Code   RO         9054    i.LL_RTC_Init       stm32f4xx_ll_rtc.o
    0x08048bc8   0x0000000a   Code   RO         9055    i.LL_RTC_IsActiveFlag_INIT  stm32f4xx_ll_rtc.o
    0x08048bd2   0x0000000a   Code   RO         9056    i.LL_RTC_IsActiveFlag_RS  stm32f4xx_ll_rtc.o
    0x08048bdc   0x0000000a   Code   RO         9057    i.LL_RTC_IsShadowRegBypassEnabled  stm32f4xx_ll_rtc.o
    0x08048be6   0x00000002   PAD
    0x08048be8   0x00000044   Code   RO         9059    i.LL_RTC_TIME_Config  stm32f4xx_ll_rtc.o
    0x08048c2c   0x0000000a   Code   RO         4467    i.LL_RTC_TIME_GetHour  stmcalendar.o
    0x08048c36   0x0000000a   Code   RO         4468    i.LL_RTC_TIME_GetMinute  stmcalendar.o
    0x08048c40   0x000000e0   Code   RO         9060    i.LL_RTC_TIME_Init  stm32f4xx_ll_rtc.o
    0x08048d20   0x00000050   Code   RO         9062    i.LL_RTC_WaitForSynchro  stm32f4xx_ll_rtc.o
    0x08048d70   0x0000006c   Code   RO         9223    i.LL_SPI_Init       stm32f4xx_ll_spi.o
    0x08048ddc   0x0000000a   Code   RO         4104    i.LL_SPI_IsActiveFlag_RXNE  ads1220.o
    0x08048de6   0x0000000a   Code   RO         4105    i.LL_SPI_IsActiveFlag_TXE  ads1220.o
    0x08048df0   0x00000004   Code   RO         4106    i.LL_SPI_TransmitData8  ads1220.o
    0x08048df4   0x0000000c   Code   RO         9063    i.LL_SYSTICK_IsActiveCounterFlag  stm32f4xx_ll_rtc.o
    0x08048e00   0x0000000c   Code   RO         7653    i.LL_SetSystemCoreClock  stm32f4xx_ll_utils.o
    0x08048e0c   0x00000008   Code   RO         3807    i.LL_TIM_CC_EnableChannel  testledctr.o
    0x08048e14   0x00000008   Code   RO         2372    i.LL_TIM_ClearFlag_UPDATE  porttimer.o
    0x08048e1c   0x0000000a   Code   RO         2373    i.LL_TIM_DisableCounter  porttimer.o
    0x08048e26   0x0000000a   Code   RO         2374    i.LL_TIM_EnableCounter  porttimer.o
    0x08048e30   0x0000000a   Code   RO         3808    i.LL_TIM_EnableCounter  testledctr.o
    0x08048e3a   0x0000000a   Code   RO         2375    i.LL_TIM_EnableIT_UPDATE  porttimer.o
    0x08048e44   0x000000e4   Code   RO        10302    i.LL_TIM_Init       stm32f4xx_ll_tim.o
    0x08048f28   0x0000005c   Code   RO         6969    i.LL_TIM_OC_DisableFast  tim.o
    0x08048f84   0x00000058   Code   RO         6970    i.LL_TIM_OC_EnablePreload  tim.o
    0x08048fdc   0x0000005c   Code   RO        10303    i.LL_TIM_OC_Init    stm32f4xx_ll_tim.o
    0x08049038   0x00000004   Code   RO         3809    i.LL_TIM_OC_SetCompareCH1  testledctr.o
    0x0804903c   0x00000004   Code   RO        10304    i.LL_TIM_OC_SetCompareCH2  stm32f4xx_ll_tim.o
    0x08049040   0x00000004   Code   RO         3810    i.LL_TIM_OC_SetCompareCH3  testledctr.o
    0x08049044   0x00000004   Code   RO         2376    i.LL_TIM_SetCounter  porttimer.o
    0x08049048   0x00000012   Code   RO         2082    i.LL_USART_ConfigAsyncMode  portserial.o
    0x0804905a   0x00000002   PAD
    0x0804905c   0x000000ac   Code   RO        10457    i.LL_USART_DeInit   stm32f4xx_ll_usart.o
    0x08049108   0x00000020   Code   RO         2083    i.LL_USART_DisableDMAReq_RX  portserial.o
    0x08049128   0x00000020   Code   RO         2084    i.LL_USART_DisableDMAReq_TX  portserial.o
    0x08049148   0x00000020   Code   RO         2085    i.LL_USART_DisableIT_IDLE  portserial.o
    0x08049168   0x00000020   Code   RO         2086    i.LL_USART_DisableIT_RXNE  portserial.o
    0x08049188   0x00000020   Code   RO         2087    i.LL_USART_DisableIT_TC  portserial.o
    0x080491a8   0x00000020   Code   RO         2088    i.LL_USART_DisableIT_TXE  portserial.o
    0x080491c8   0x0000000a   Code   RO         2089    i.LL_USART_Enable   portserial.o
    0x080491d2   0x00000020   Code   RO         2090    i.LL_USART_EnableIT_RXNE  portserial.o
    0x080491f2   0x00000020   Code   RO         2091    i.LL_USART_EnableIT_TXE  portserial.o
    0x08049212   0x00000002   PAD
    0x08049214   0x000000c4   Code   RO        10458    i.LL_USART_Init     stm32f4xx_ll_usart.o
    0x080492d8   0x0000000a   Code   RO         2092    i.LL_USART_IsActiveFlag_TC  portserial.o
    0x080492e2   0x0000000a   Code   RO        10459    i.LL_USART_IsEnabled  stm32f4xx_ll_usart.o
    0x080492ec   0x000001b8   Code   RO        10460    i.LL_USART_SetBaudRate  stm32f4xx_ll_usart.o
    0x080494a4   0x0000022c   Code   RO         6766    i.MX_ADC1_Init      adc.o
    0x080496d0   0x00000088   Code   RO         6806    i.MX_DAC_Init       dac.o
    0x08049758   0x000000dc   Code   RO         6833    i.MX_DMA_Init       dma.o
    0x08049834   0x000001ac   Code   RO         6729    i.MX_FREERTOS_Init  freertos.o
    0x080499e0   0x000001ac   Code   RO         6702    i.MX_GPIO_Init      gpio.o
    0x08049b8c   0x00000038   Code   RO         6866    i.MX_IWDG_Init      iwdg.o
    0x08049bc4   0x000001d4   Code   RO         6893    i.MX_RTC_Init       rtc.o
    0x08049d98   0x000000a4   Code   RO         6936    i.MX_SPI2_Init      spi.o
    0x08049e3c   0x000000a4   Code   RO         6937    i.MX_SPI3_Init      spi.o
    0x08049ee0   0x00000090   Code   RO         6971    i.MX_TIM11_Init     tim.o
    0x08049f70   0x000000d4   Code   RO         6972    i.MX_TIM2_Init      tim.o
    0x0804a044   0x00000114   Code   RO         6973    i.MX_TIM3_Init      tim.o
    0x0804a158   0x000000d8   Code   RO         6974    i.MX_TIM4_Init      tim.o
    0x0804a230   0x000000a4   Code   RO         6975    i.MX_TIM6_Init      tim.o
    0x0804a2d4   0x000000a4   Code   RO         6976    i.MX_TIM7_Init      tim.o
    0x0804a378   0x000000e8   Code   RO         7041    i.MX_USART1_UART_Init  usart.o
    0x0804a460   0x00000204   Code   RO         7042    i.MX_USART3_UART_Init  usart.o
    0x0804a664   0x00000200   Code   RO         7043    i.MX_USART6_UART_Init  usart.o
    0x0804a864   0x00000090   Code   RO         5507    i.Manual_Mode       processcontroltask.o
    0x0804a8f4   0x0000000a   Code   RO         3975    i.MbMasterReadInputRegs  modbusmaster.o
    0x0804a8fe   0x00000006   Code   RO         3976    i.MbMasterWriteHoldingReg  modbusmaster.o
    0x0804a904   0x00000008   Code   RO         3977    i.MbMasterWriteHoldingRegs  modbusmaster.o
    0x0804a90c   0x00000002   Code   RO         7090    i.MemManage_Handler  stm32f4xx_it.o
    0x0804a90e   0x00000010   Code   RO         4826    i.MoveYsSyringe     yssyringepump.o
    0x0804a91e   0x00000010   Code   RO         4827    i.MoveYsSyringeTo   yssyringepump.o
    0x0804a92e   0x00000002   Code   RO         7091    i.NMI_Handler       stm32f4xx_it.o
    0x0804a930   0x00000038   Code   RO         6834    i.NVIC_EncodePriority  dma.o
    0x0804a968   0x00000080   Code   RO        10307    i.OC1Config         stm32f4xx_ll_tim.o
    0x0804a9e8   0x0000008c   Code   RO        10308    i.OC2Config         stm32f4xx_ll_tim.o
    0x0804aa74   0x00000080   Code   RO        10309    i.OC3Config         stm32f4xx_ll_tim.o
    0x0804aaf4   0x00000064   Code   RO        10310    i.OC4Config         stm32f4xx_ll_tim.o
    0x0804ab58   0x0000001e   Code   RO         4664    i.OPTCheckSum       opt2000.o
    0x0804ab76   0x00000002   PAD
    0x0804ab78   0x00000034   Code   RO         3811    i.OpenAbsorbLED     testledctr.o
    0x0804abac   0x000000bc   Code   RO         3643    i.OpenAllValves     valve.o
    0x0804ac68   0x00000038   Code   RO         5679    i.OpenCoolFan       tempcontroltask.o
    0x0804aca0   0x00000038   Code   RO         5977    i.OpenFunValve      instrumentinfo.o
    0x0804acd8   0x00000094   Code   RO         3812    i.OpenLLLED         testledctr.o
    0x0804ad6c   0x00000004   Code   RO         4735    i.OpenSpectroLight  ysspectro.o
    0x0804ad70   0x00000038   Code   RO         5880    i.OpenStir          stirtask.o
    0x0804ada8   0x00000178   Code   RO         3644    i.OpenValveX        valve.o
    0x0804af20   0x00000034   Code   RO         3645    i.OpenValves        valve.o
    0x0804af54   0x000001d0   Code   RO         3714    i.PIDRealize        pid.o
    0x0804b124   0x00000004   Code   RO         7092    i.PVD_IRQHandler    stm32f4xx_it.o
    0x0804b128   0x00000144   Code   RO         5209    i.Paikongbsm        uartsrxtask.o
    0x0804b26c   0x00000090   Code   RO         5508    i.Periodic_Mode     processcontroltask.o
    0x0804b2fc   0x00000012   Code   RO         3715    i.PidBumpless       pid.o
    0x0804b30e   0x00000052   Code   RO         3352    i.PoolEmptying      peristalticpump.o
    0x0804b360   0x00000034   Code   RO         6032    i.ProcAddAgentLoopPool  procapi.o
    0x0804b394   0x00000034   Code   RO         6033    i.ProcAddAgentToPool  procapi.o
    0x0804b3c8   0x00000014   Code   RO         6034    i.ProcAirLoopPool   procapi.o
    0x0804b3dc   0x00000014   Code   RO         6035    i.ProcAirPool       procapi.o
    0x0804b3f0   0x0000021e   Code   RO         6352    i.ProcCODCl         proccodcl.o
    0x0804b60e   0x000002f2   Code   RO         6378    i.ProcCODCr         proccodcr.o
    0x0804b900   0x00000240   Code   RO         6404    i.ProcCODMn         proccodmn.o
    0x0804bb40   0x00000002   Code   RO         6036    i.ProcCalculate     procapi.o
    0x0804bb42   0x00000002   Code   RO         6037    i.ProcCalculateYS   procapi.o
    0x0804bb44   0x0000000e   Code   RO         6038    i.ProcCloseWaterPump  procapi.o
    0x0804bb52   0x00000012   Code   RO         6039    i.ProcDelay         procapi.o
    0x0804bb64   0x0000001e   Code   RO         6040    i.ProcDrawPool      procapi.o
    0x0804bb82   0x00000002   PAD
    0x0804bb84   0x0000005c   Code   RO         6041    i.ProcEmptyPool     procapi.o
    0x0804bbe0   0x00000020   Code   RO         6042    i.ProcEmptyPoolWithPump  procapi.o
    0x0804bc00   0x00000016   Code   RO         6043    i.ProcEmptyTube     procapi.o
    0x0804bc16   0x0000001c   Code   RO         6044    i.ProcFillLoop      procapi.o
    0x0804bc32   0x0000002c   Code   RO         6045    i.ProcFillTubeWithAgent  procapi.o
    0x0804bc5e   0x00000002   PAD
    0x0804bc60   0x0000006c   Code   RO         6046    i.ProcForcedEmptyPool  procapi.o
    0x0804bccc   0x0000001c   Code   RO         6047    i.ProcGetReactAD    procapi.o
    0x0804bce8   0x00000012   Code   RO         6048    i.ProcInitStepStatus  procapi.o
    0x0804bcfa   0x00000002   PAD
    0x0804bcfc   0x000003ac   Code   RO         6499    i.ProcNH_II         procnh_ii.o
    0x0804c0a8   0x00000024   Code   RO         6053    i.ProcPreagentPreWashTube  procapi.o
    0x0804c0cc   0x00000074   Code   RO         6054    i.ProcPreproc       procapi.o
    0x0804c140   0x00000016   Code   RO         6055    i.ProcPushBackAgent  procapi.o
    0x0804c156   0x00000002   PAD
    0x0804c158   0x00000084   Code   RO         6056    i.ProcReadBlankADs  procapi.o
    0x0804c1dc   0x000000c8   Code   RO         6057    i.ProcReadBlankUVData  procapi.o
    0x0804c2a4   0x00000084   Code   RO         6058    i.ProcReadReactADs  procapi.o
    0x0804c328   0x00000170   Code   RO         6059    i.ProcReadReactUVData  procapi.o
    0x0804c498   0x0000002c   Code   RO         6060    i.ProcReadV1ADs     procapi.o
    0x0804c4c4   0x0000002c   Code   RO         6061    i.ProcReadV2ADs     procapi.o
    0x0804c4f0   0x0000002c   Code   RO         6062    i.ProcReadV3ADs     procapi.o
    0x0804c51c   0x0000002c   Code   RO         6063    i.ProcReadYSADs     procapi.o
    0x0804c548   0x00000010   Code   RO         6065    i.ProcReportStepTimer  procapi.o
    0x0804c558   0x00000024   Code   RO         6066    i.ProcResetUV       procapi.o
    0x0804c57c   0x00000002   Code   RO         6067    i.ProcSendBlankADs  procapi.o
    0x0804c57e   0x00000002   Code   RO         6068    i.ProcSendRectADs   procapi.o
    0x0804c580   0x0000000c   Code   RO         6069    i.ProcStopHotting   procapi.o
    0x0804c58c   0x00000010   Code   RO         6070    i.ProcStopUpdateStepStatus  procapi.o
    0x0804c59c   0x00000342   Code   RO         6526    i.ProcTN            proctn.o
    0x0804c8de   0x0000025a   Code   RO         6578    i.ProcTNR           proctnr.o
    0x0804cb38   0x0000037c   Code   RO         6552    i.ProcTP            proctp.o
    0x0804ceb4   0x00000038   Code   RO         6071    i.ProcTempCtrl      procapi.o
    0x0804ceec   0x0000002c   Code   RO         6072    i.ProcTempCtrlWithoutHoldTime  procapi.o
    0x0804cf18   0x000000c2   Code   RO         6436    i.ProcTest          proccommon.o
    0x0804cfda   0x00000002   PAD
    0x0804cfdc   0x000001c4   Code   RO         6075    i.ProcTitrationBySyringe  procapi.o
    0x0804d1a0   0x0000000c   Code   RO         6076    i.ProcUpdateStepStatus  procapi.o
    0x0804d1ac   0x00000028   Code   RO         6077    i.ProcWashPoolWithAgent  procapi.o
    0x0804d1d4   0x00000024   Code   RO         6079    i.ProcWashTubeWithAgent  procapi.o
    0x0804d1f8   0x00000188   Code   RO         5509    i.ProcessControlTask  processcontroltask.o
    0x0804d380   0x000000ac   Code   RO         5510    i.PumpInWater_Tube  processcontroltask.o
    0x0804d42c   0x000000d8   Code   RO         5511    i.PumpIn_Cuvettes   processcontroltask.o
    0x0804d504   0x00000580   Code   RO         5512    i.PumpIn_Sample     processcontroltask.o
    0x0804da84   0x000000d8   Code   RO         5513    i.PumpOut_Cuvettes  processcontroltask.o
    0x0804db5c   0x00000150   Code   RO         5514    i.PumpOut_Tube      processcontroltask.o
    0x0804dcac   0x000000d0   Code   RO         5515    i.PumpOut_WasteWater  processcontroltask.o
    0x0804dd7c   0x00000020   Code   RO         3353    i.PumpTimerout      peristalticpump.o
    0x0804dd9c   0x00000078   Code   RO         5210    i.Pump_run          uartsrxtask.o
    0x0804de14   0x00000048   Code   RO         3354    i.PushLiquid        peristalticpump.o
    0x0804de5c   0x00000048   Code   RO         5078    i.QuerySyringePumpState  syringepump.o
    0x0804dea4   0x00000020   Code   RO         7544    i.RCC_GetHCLKClockFreq  stm32f4xx_ll_rcc.o
    0x0804dec4   0x00000024   Code   RO         7545    i.RCC_GetPCLK1ClockFreq  stm32f4xx_ll_rcc.o
    0x0804dee8   0x00000024   Code   RO         7546    i.RCC_GetPCLK2ClockFreq  stm32f4xx_ll_rcc.o
    0x0804df0c   0x00000044   Code   RO         7547    i.RCC_GetSystemClockFreq  stm32f4xx_ll_rcc.o
    0x0804df50   0x00000070   Code   RO         7550    i.RCC_PLL_GetFreqDomain_SYS  stm32f4xx_ll_rcc.o
    0x0804dfc0   0x00000260   Code   RO         5211    i.RS232CmdProcess   uartsrxtask.o
    0x0804e220   0x00000084   Code   RO         7093    i.RTC_Alarm_IRQHandler  stm32f4xx_it.o
    0x0804e2a4   0x000000c0   Code   RO         4469    i.RTC_Get           stmcalendar.o
    0x0804e364   0x00000020   Code   RO         4545    i.RTC_GetCurrentHour  clock.o
    0x0804e384   0x00000094   Code   RO         4828    i.RUNZE_SETHOLE     yssyringepump.o
    0x0804e418   0x00000054   Code   RO         4829    i.RUNZE_SETHOLE_1   yssyringepump.o
    0x0804e46c   0x00000054   Code   RO         4830    i.RUNZE_SETHOLE_10  yssyringepump.o
    0x0804e4c0   0x00000054   Code   RO         4831    i.RUNZE_SETHOLE_2   yssyringepump.o
    0x0804e514   0x00000054   Code   RO         4832    i.RUNZE_SETHOLE_3   yssyringepump.o
    0x0804e568   0x00000054   Code   RO         4833    i.RUNZE_SETHOLE_4   yssyringepump.o
    0x0804e5bc   0x00000054   Code   RO         4834    i.RUNZE_SETHOLE_5   yssyringepump.o
    0x0804e610   0x00000054   Code   RO         4835    i.RUNZE_SETHOLE_6   yssyringepump.o
    0x0804e664   0x00000054   Code   RO         4836    i.RUNZE_SETHOLE_7   yssyringepump.o
    0x0804e6b8   0x00000054   Code   RO         4837    i.RUNZE_SETHOLE_8   yssyringepump.o
    0x0804e70c   0x00000054   Code   RO         4838    i.RUNZE_SETHOLE_9   yssyringepump.o
    0x0804e760   0x00000190   Code   RO         4839    i.RUNZE_SET_ML      yssyringepump.o
    0x0804e8f0   0x0000005c   Code   RO         4840    i.RUNZE_SET_NC      yssyringepump.o
    0x0804e94c   0x0000005c   Code   RO         4841    i.RUNZE_SET_NO      yssyringepump.o
    0x0804e9a8   0x00000088   Code   RO         4842    i.RUNZE_SET_SPEED   yssyringepump.o
    0x0804ea30   0x00000224   Code   RO         5212    i.RZCaidingbsm      uartsrxtask.o
    0x0804ec54   0x00000330   Code   RO         5213    i.RZCaiyang         uartsrxtask.o
    0x0804ef84   0x0000009c   Code   RO         5214    i.RZChouyetibdw     uartsrxtask.o
    0x0804f020   0x000000c4   Code   RO         5215    i.RZPaikongbsm      uartsrxtask.o
    0x0804f0e4   0x00000268   Code   RO         5216    i.RZRunxi           uartsrxtask.o
    0x0804f34c   0x0000086c   Code   RO         5217    i.RZSTART_COD       uartsrxtask.o
    0x0804fbb8   0x0000010c   Code   RO         5218    i.RZXishi_COD       uartsrxtask.o
    0x0804fcc4   0x000000e4   Code   RO         4108    i.ReadADCs          ads1220.o
    0x0804fda8   0x00000010   Code   RO         5794    i.ReadADs           datacollecttask.o
    0x0804fdb8   0x00000060   Code   RO         4665    i.ReadOPT2000Data   opt2000.o
    0x0804fe18   0x00000080   Code   RO         4666    i.ReadOPT2000Data_t  opt2000.o
    0x0804fe98   0x0000004a   Code   RO         4667    i.ReadOPTDarkData   opt2000.o
    0x0804fee2   0x00000002   PAD
    0x0804fee4   0x00000080   Code   RO         4668    i.ReadOPTDarkData_t  opt2000.o
    0x0804ff64   0x0000002c   Code   RO         4850    i.ReadPos           yssyringepump.o
    0x0804ff90   0x00000010   Code   RO         4736    i.ReadSpectroData   ysspectro.o
    0x0804ffa0   0x0000001c   Code   RO         3575    i.ReplyFaultInProcess  replyhost.o
    0x0804ffbc   0x0000006c   Code   RO         3514    i.ReportStepTimerCallback  progressbar.o
    0x08050028   0x0000000e   Code   RO         4851    i.ResetYsSyringeOrigin  yssyringepump.o
    0x08050036   0x00000002   PAD
    0x08050038   0x00000148   Code   RO         5795    i.ResultIOut        datacollecttask.o
    0x08050180   0x00000134   Code   RO         5219    i.RunMainTask       uartsrxtask.o
    0x080502b4   0x0000025c   Code   RO         5220    i.Runxi             uartsrxtask.o
    0x08050510   0x00000b3c   Code   RO         5221    i.START_COD         uartsrxtask.o
    0x0805104c   0x00001434   Code   RO         5222    i.START_CODMN       uartsrxtask.o
    0x08052480   0x00000b74   Code   RO         5223    i.START_NH3N        uartsrxtask.o
    0x08052ff4   0x00000eac   Code   RO         5224    i.START_TN          uartsrxtask.o
    0x08053ea0   0x00000dd4   Code   RO         5225    i.START_TP          uartsrxtask.o
    0x08054c74   0x00000088   Code   RO         5516    i.SampleTimeOutCallback  processcontroltask.o
    0x08054cfc   0x00000028   Code   RO         3200    i.SaveUserData      flashuserdata.o
    0x08054d24   0x0000001c   Code   RO         3355    i.SendAir           peristalticpump.o
    0x08054d40   0x00000028   Code   RO         5932    i.SendFunErrorCode  errormanagetask.o
    0x08054d68   0x00000014   Code   RO         5680    i.SendTemperCtrlMsg  tempcontroltask.o
    0x08054d7c   0x000000a0   Code   RO         3813    i.SetAbsorbLEDCurrent  testledctr.o
    0x08054e1c   0x00000020   Code   RO         4109    i.SetAdsSingleChennel  ads1220.o
    0x08054e3c   0x00000004   Code   RO         4737    i.SetAverageTimes   ysspectro.o
    0x08054e40   0x00000010   Code   RO         3201    i.SetBootJumpAppNoWait  flashuserdata.o
    0x08054e50   0x00000004   Code   RO         4738    i.SetIntegralTime   ysspectro.o
    0x08054e54   0x00000098   Code   RO         3814    i.SetLL1LEDCurrent  testledctr.o
    0x08054eec   0x0000009c   Code   RO         3815    i.SetLL2LEDCurrent  testledctr.o
    0x08054f88   0x00000006   Code   RO         3717    i.SetPidIntegral    pid.o
    0x08054f8e   0x00000004   Code   RO         3721    i.SetPidMaxUk       pid.o
    0x08054f92   0x00000012   Code   RO         3722    i.SetPidParam       pid.o
    0x08054fa4   0x00000010   Code   RO         3723    i.SetPidUkOffset    pid.o
    0x08054fb4   0x00000006   Code   RO         3724    i.SetPidfActualValue  pid.o
    0x08054fba   0x00000002   PAD
    0x08054fbc   0x00000058   Code   RO         5079    i.SetSyringeSpeed   syringepump.o
    0x08055014   0x00000064   Code   RO         5080    i.SetSyringeValveSwitch  syringepump.o
    0x08055078   0x0000005c   Code   RO         5081    i.SetSyringeValveType  syringepump.o
    0x080550d4   0x0000007c   Code   RO         5082    i.SetSyringeVolume  syringepump.o
    0x08055150   0x00000006   Code   RO         3725    i.SetTargetValue    pid.o
    0x08055156   0x00000002   PAD
    0x08055158   0x00000018   Code   RO         4852    i.SetYsSyringeSpeed  yssyringepump.o
    0x08055170   0x00000098   Code   RO         4546    i.Set_AlarmClock    clock.o
    0x08055208   0x00000088   Code   RO         4547    i.Set_MultiAlarm    clock.o
    0x08055290   0x00000030   Code   RO         5517    i.Singel_Step       processcontroltask.o
    0x080552c0   0x000000f4   Code   RO         5796    i.StartADCwithDoubleBuferDMA  datacollecttask.o
    0x080553b4   0x0000026c   Code   RO         5797    i.StartDataCollectTask  datacollecttask.o
    0x08055620   0x00000050   Code   RO         5518    i.StartMode_Judgment  processcontroltask.o
    0x08055670   0x00000034   Code   RO         4669    i.StartOPT          opt2000.o
    0x080556a4   0x00000034   Code   RO         4670    i.StartOPTNoLight   opt2000.o
    0x080556d8   0x00000050   Code   RO         5681    i.StartOneStageTempCtrl  tempcontroltask.o
    0x08055728   0x000000b4   Code   RO         3356    i.StartPeristalticPump  peristalticpump.o
    0x080557dc   0x0000008c   Code   RO         3357    i.StartPump         peristalticpump.o
    0x08055868   0x00000004   Code   RO         4739    i.StartSpectroScan  ysspectro.o
    0x0805586c   0x00000070   Code   RO         3280    i.StartStepMotorByFrequency  mtimers.o
    0x080558dc   0x00000148   Code   RO         5881    i.StartStirCtrlTask  stirtask.o
    0x08055a24   0x000000ac   Code   RO         3916    i.Stm32F4GetFlashSector  stm32f4flashopt.o
    0x08055ad0   0x00000006   Code   RO         3918    i.Stm32ReadWord     stm32f4flashopt.o
    0x08055ad6   0x00000002   PAD
    0x08055ad8   0x000000b4   Code   RO         3920    i.Stm32f4WriteWords  stm32f4flashopt.o
    0x08055b8c   0x0000003c   Code   RO         5682    i.StopHotting       tempcontroltask.o
    0x08055bc8   0x00000014   Code   RO         3358    i.StopPump          peristalticpump.o
    0x08055bdc   0x00000010   Code   RO         3515    i.StopReportStepTimer  progressbar.o
    0x08055bec   0x00000034   Code   RO         3281    i.StopStepMotor     mtimers.o
    0x08055c20   0x00000034   Code   RO         5683    i.StopTempCtrl      tempcontroltask.o
    0x08055c54   0x0000005c   Code   RO         3516    i.StopUpdateStepStatus  progressbar.o
    0x08055cb0   0x0000000e   Code   RO         4853    i.StopYsSyringe     yssyringepump.o
    0x08055cbe   0x00000002   PAD
    0x08055cc0   0x0000006c   Code   RO         5083    i.SyringePumpAspirate  syringepump.o
    0x08055d2c   0x0000005c   Code   RO         5084    i.SyringePumpAspirateFull  syringepump.o
    0x08055d88   0x0000006c   Code   RO         5085    i.SyringePumpDispense  syringepump.o
    0x08055df4   0x00000016   Code   RO         1192    i.SysTick_Handler   cmsis_os2.o
    0x08055e0a   0x00000002   PAD
    0x08055e0c   0x0000010c   Code   RO         6606    i.SystemClock_Config  main.o
    0x08055f18   0x00000020   Code   RO         7302    i.SystemInit        system_stm32f4xx.o
    0x08055f38   0x00000004   Code   RO         7094    i.TIM1_TRG_COM_TIM11_IRQHandler  stm32f4xx_it.o
    0x08055f3c   0x00000004   Code   RO         7095    i.TIM6_DAC_IRQHandler  stm32f4xx_it.o
    0x08055f40   0x00000004   Code   RO         7096    i.TIM7_IRQHandler   stm32f4xx_it.o
    0x08055f44   0x0000000c   Code   RO         7097    i.TIM8_TRG_COM_TIM14_IRQHandler  stm32f4xx_it.o
    0x08055f50   0x00000010   Code   RO         2377    i.TIMER3ExpiredISR  porttimer.o
    0x08055f60   0x00000010   Code   RO         2378    i.TIMER6ExpiredISR  porttimer.o
    0x08055f70   0x00000010   Code   RO         2379    i.TIMERExpiredISR   porttimer.o
    0x08055f80   0x000000d8   Code   RO         9396    i.TIM_Base_SetConfig  stm32f4xx_hal_tim.o
    0x08056058   0x000000d4   Code   RO         5684    i.TempControlTask   tempcontroltask.o
    0x0805612c   0x00000128   Code   RO         5685    i.TempCtrl          tempcontroltask.o
    0x08056254   0x00000048   Code   RO         5686    i.TempPWMCtrlOut    tempcontroltask.o
    0x0805629c   0x00000370   Code   RO         5687    i.TempSVCtrl        tempcontroltask.o
    0x0805660c   0x0000008c   Code   RO         5688    i.TemperPidCtrl     tempcontroltask.o
    0x08056698   0x00000016   Code   RO         1193    i.TimerCallback     cmsis_os2.o
    0x080566ae   0x00000078   Code   RO         5086    i.TrsLiquidBySyringe  syringepump.o
    0x08056726   0x0000013e   Code   RO         3361    i.TrsLiquidByTube   peristalticpump.o
    0x08056864   0x00000040   Code   RO         7098    i.USART1_IRQHandler  stm32f4xx_it.o
    0x080568a4   0x000000a0   Code   RO         5226    i.USART3Task        uartsrxtask.o
    0x08056944   0x00000040   Code   RO         7099    i.USART3_IRQHandler  stm32f4xx_it.o
    0x08056984   0x000000a8   Code   RO         5227    i.USART6Task        uartsrxtask.o
    0x08056a2c   0x00000040   Code   RO         7100    i.USART6_IRQHandler  stm32f4xx_it.o
    0x08056a6c   0x000000b4   Code   RO         5228    i.UartsRxTask       uartsrxtask.o
    0x08056b20   0x00000040   Code   RO         3646    i.UpdataValveState  valve.o
    0x08056b60   0x00000002   Code   RO         7101    i.UsageFault_Handler  stm32f4xx_it.o
    0x08056b62   0x00000002   PAD
    0x08056b64   0x00000034   Code   RO         5519    i.Valve_Operation   processcontroltask.o
    0x08056b98   0x00000088   Code   RO         5520    i.Valve_Set         processcontroltask.o
    0x08056c20   0x00000024   Code   RO         5689    i.WaitTemperCtrlMsg  tempcontroltask.o
    0x08056c44   0x00000006   Code   RO         3362    i.WashPipe          peristalticpump.o
    0x08056c4a   0x00000056   Code   RO         3363    i.WashPoolWithAgent  peristalticpump.o
    0x08056ca0   0x00000224   Code   RO         5229    i.Xishi_COD         uartsrxtask.o
    0x08056ec4   0x00000410   Code   RO         5230    i.Xishi_NH3N        uartsrxtask.o
    0x080572d4   0x00000224   Code   RO         5231    i.Xishi_TN          uartsrxtask.o
    0x080574f8   0x00000228   Code   RO         5232    i.Xishi_TP          uartsrxtask.o
    0x08057720   0x000002d0   Code   RO         5233    i.Zhuodubc          uartsrxtask.o
    0x080579f0   0x00000010   Code   RO         8614    i.__NVIC_GetPriorityGrouping  stm32f4xx_hal_cortex.o
    0x08057a00   0x00000028   Code   RO         8615    i.__NVIC_SetPriority  stm32f4xx_hal_cortex.o
    0x08057a28   0x00000006   Code   RO         1194    i.__get_IPSR        cmsis_os2.o
    0x08057a2e   0x00000014   Code   RO        10607    i.__hardfp_fabs     m_wm.l(fabs.o)
    0x08057a42   0x00000006   PAD
    0x08057a48   0x000003c4   Code   RO        10613    i.__hardfp_log      m_wm.l(log.o)
    0x08057e0c   0x00000004   PAD
    0x08057e10   0x00000130   Code   RO        10627    i.__hardfp_log10    m_wm.l(log10.o)
    0x08057f40   0x000000f8   Code   RO        10684    i.__kernel_poly     m_wm.l(poly.o)
    0x08058038   0x00000030   Code   RO        10670    i.__mathlib_dbl_divzero  m_wm.l(dunder.o)
    0x08058068   0x00000014   Code   RO        10671    i.__mathlib_dbl_infnan  m_wm.l(dunder.o)
    0x0805807c   0x00000004   PAD
    0x08058080   0x00000020   Code   RO        10673    i.__mathlib_dbl_invalid  m_wm.l(dunder.o)
    0x080580a0   0x00000002   Code   RO         6607    i._sys_exit         main.o
    0x080580a2   0x00000002   PAD
    0x080580a4   0x00000028   Code   RO         2926    i.eMB3Enable        mb.o
    0x080580cc   0x000000e0   Code   RO         2927    i.eMB3Init          mb.o
    0x080581ac   0x00000150   Code   RO         2928    i.eMB3Poll          mb.o
    0x080582fc   0x00000028   Code   RO         2930    i.eMB6Enable        mb.o
    0x08058324   0x000000e0   Code   RO         2931    i.eMB6Init          mb.o
    0x08058404   0x00000148   Code   RO         2932    i.eMB6Poll          mb.o
    0x0805854c   0x00000028   Code   RO         2935    i.eMBEnable         mb.o
    0x08058574   0x00000082   Code   RO         3132    i.eMBFuncReadBlockRegister  mbfuncblock.o
    0x080585f6   0x000000ae   Code   RO         2504    i.eMBFuncReadCoils  mbfunccoils.o
    0x080586a4   0x000000ac   Code   RO         2562    i.eMBFuncReadDiscreteInputs  mbfuncdisc.o
    0x08058750   0x0000008c   Code   RO         2586    i.eMBFuncReadHoldingRegister  mbfuncholding.o
    0x080587dc   0x0000008c   Code   RO         2628    i.eMBFuncReadInputRegister  mbfuncinput.o
    0x08058868   0x000000c4   Code   RO         2587    i.eMBFuncReadWriteMultipleHoldingRegister  mbfuncholding.o
    0x0805892c   0x00000028   Code   RO         2652    i.eMBFuncReportSlaveID  mbfuncother.o
    0x08058954   0x0000004c   Code   RO         3133    i.eMBFuncWriteBlockRegister  mbfuncblock.o
    0x080589a0   0x00000070   Code   RO         2505    i.eMBFuncWriteCoil  mbfunccoils.o
    0x08058a10   0x00000042   Code   RO         2588    i.eMBFuncWriteHoldingRegister  mbfuncholding.o
    0x08058a52   0x00000090   Code   RO         2506    i.eMBFuncWriteMultipleCoils  mbfunccoils.o
    0x08058ae2   0x0000006e   Code   RO         2589    i.eMBFuncWriteMultipleHoldingRegister  mbfuncholding.o
    0x08058b50   0x000000e0   Code   RO         2936    i.eMBInit           mb.o
    0x08058c30   0x00000158   Code   RO         2937    i.eMBPoll           mb.o
    0x08058d88   0x00000058   Code   RO         2747    i.eMBRTUInit        mbrtu.o
    0x08058de0   0x00000058   Code   RO         2748    i.eMBRTUInit3       mbrtu.o
    0x08058e38   0x00000058   Code   RO         2749    i.eMBRTUInit6       mbrtu.o
    0x08058e90   0x00000068   Code   RO         2750    i.eMBRTUReceive     mbrtu.o
    0x08058ef8   0x00000068   Code   RO         2751    i.eMBRTUReceive3    mbrtu.o
    0x08058f60   0x00000068   Code   RO         2752    i.eMBRTUReceive6    mbrtu.o
    0x08058fc8   0x00000090   Code   RO         2753    i.eMBRTUSend        mbrtu.o
    0x08059058   0x00000090   Code   RO         2754    i.eMBRTUSend3       mbrtu.o
    0x080590e8   0x00000090   Code   RO         2755    i.eMBRTUSend6       mbrtu.o
    0x08059178   0x00000024   Code   RO         2756    i.eMBRTUStart       mbrtu.o
    0x0805919c   0x00000024   Code   RO         2757    i.eMBRTUStart3      mbrtu.o
    0x080591c0   0x00000024   Code   RO         2758    i.eMBRTUStart6      mbrtu.o
    0x080591e4   0x00000018   Code   RO         2759    i.eMBRTUStop        mbrtu.o
    0x080591fc   0x00000018   Code   RO         2760    i.eMBRTUStop3       mbrtu.o
    0x08059214   0x00000018   Code   RO         2761    i.eMBRTUStop6       mbrtu.o
    0x0805922c   0x00000064   Code   RO         3053    i.eMBRegBlockCB     modbus.o
    0x08059290   0x00000130   Code   RO         3054    i.eMBRegCoilsCB     modbus.o
    0x080593c0   0x000000a4   Code   RO         3055    i.eMBRegDiscreteCB  modbus.o
    0x08059464   0x000000e8   Code   RO         3056    i.eMBRegHoldingCB   modbus.o
    0x0805954c   0x00000084   Code   RO         3057    i.eMBRegInputCB     modbus.o
    0x080595d0   0x00000094   Code   RO          627    i.eTaskGetState     tasks.o
    0x08059664   0x00000010   Code   RO        10615    i.log               m_wm.l(log.o)
    0x08059674   0x0000025c   Code   RO         3364    i.mDrawLiquid       peristalticpump.o
    0x080598d0   0x000000f0   Code   RO         6610    i.main              main.o
    0x080599c0   0x0000001e   Code   RO         1195    i.osDelay           cmsis_os2.o
    0x080599de   0x00000002   PAD
    0x080599e0   0x0000002c   Code   RO         1209    i.osKernelInitialize  cmsis_os2.o
    0x08059a0c   0x00000060   Code   RO         1212    i.osKernelStart     cmsis_os2.o
    0x08059a6c   0x00000062   Code   RO         1232    i.osMutexAcquire    cmsis_os2.o
    0x08059ace   0x000000b2   Code   RO         1235    i.osMutexNew        cmsis_os2.o
    0x08059b80   0x0000004e   Code   RO         1236    i.osMutexRelease    cmsis_os2.o
    0x08059bce   0x00000002   PAD
    0x08059bd0   0x0000006c   Code   RO         1237    i.osSemaphoreAcquire  cmsis_os2.o
    0x08059c3c   0x000000cc   Code   RO         1240    i.osSemaphoreNew    cmsis_os2.o
    0x08059d08   0x0000005c   Code   RO         1241    i.osSemaphoreRelease  cmsis_os2.o
    0x08059d64   0x00000058   Code   RO         1244    i.osThreadFlagsClear  cmsis_os2.o
    0x08059dbc   0x00000030   Code   RO         1245    i.osThreadFlagsGet  cmsis_os2.o
    0x08059dec   0x00000080   Code   RO         1246    i.osThreadFlagsSet  cmsis_os2.o
    0x08059e6c   0x000000b2   Code   RO         1247    i.osThreadFlagsWait  cmsis_os2.o
    0x08059f1e   0x000000b8   Code   RO         1254    i.osThreadNew       cmsis_os2.o
    0x08059fd6   0x00000002   PAD
    0x08059fd8   0x000000bc   Code   RO         1263    i.osTimerNew        cmsis_os2.o
    0x0805a094   0x0000003c   Code   RO         1264    i.osTimerStart      cmsis_os2.o
    0x0805a0d0   0x00000048   Code   RO         1265    i.osTimerStop       cmsis_os2.o
    0x0805a118   0x0000007c   Code   RO          629    i.prvAddCurrentTaskToDelayedList  tasks.o
    0x0805a194   0x000000b8   Code   RO          630    i.prvAddNewTaskToReadyList  tasks.o
    0x0805a24c   0x00000074   Code   RO         1005    i.prvCheckForValidListAndQueue  timers.o
    0x0805a2c0   0x00000048   Code   RO          631    i.prvCheckTasksWaitingTermination  tasks.o
    0x0805a308   0x0000002a   Code   RO          216    i.prvCopyDataFromQueue  queue.o
    0x0805a332   0x0000007e   Code   RO          217    i.prvCopyDataToQueue  queue.o
    0x0805a3b0   0x00000050   Code   RO          632    i.prvDeleteTCB      tasks.o
    0x0805a400   0x00000014   Code   RO          218    i.prvGetDisinheritPriorityAfterTimeout  queue.o
    0x0805a414   0x00000028   Code   RO         1006    i.prvGetNextExpireTime  timers.o
    0x0805a43c   0x0000007c   Code   RO         1799    i.prvHeapInit       heap_4.o
    0x0805a4b8   0x00000028   Code   RO          633    i.prvIdleTask       tasks.o
    0x0805a4e0   0x0000001e   Code   RO          219    i.prvInitialiseMutex  queue.o
    0x0805a4fe   0x0000002a   Code   RO          220    i.prvInitialiseNewQueue  queue.o
    0x0805a528   0x000000be   Code   RO          634    i.prvInitialiseNewTask  tasks.o
    0x0805a5e6   0x0000005a   Code   RO         1007    i.prvInitialiseNewTimer  timers.o
    0x0805a640   0x00000068   Code   RO          635    i.prvInitialiseTaskLists  tasks.o
    0x0805a6a8   0x00000068   Code   RO         1800    i.prvInsertBlockIntoFreeList  heap_4.o
    0x0805a710   0x00000058   Code   RO         1008    i.prvInsertTimerInActiveList  timers.o
    0x0805a768   0x0000001a   Code   RO          221    i.prvIsQueueEmpty   queue.o
    0x0805a782   0x0000001e   Code   RO          222    i.prvIsQueueFull    queue.o
    0x0805a7a0   0x00000074   Code   RO         1009    i.prvProcessExpiredTimer  timers.o
    0x0805a814   0x00000164   Code   RO         1010    i.prvProcessReceivedCommands  timers.o
    0x0805a978   0x00000074   Code   RO         1011    i.prvProcessTimerOrBlockTask  timers.o
    0x0805a9ec   0x00000034   Code   RO          637    i.prvResetNextTaskUnblockTime  tasks.o
    0x0805aa20   0x0000002c   Code   RO         1012    i.prvSampleTimeNow  timers.o
    0x0805aa4c   0x000000a4   Code   RO         1013    i.prvSwitchTimerLists  timers.o
    0x0805aaf0   0x00000040   Code   RO         1855    i.prvTaskExitError  port.o
    0x0805ab30   0x0000001a   Code   RO         1014    i.prvTimerTask      timers.o
    0x0805ab4a   0x0000007e   Code   RO          223    i.prvUnlockQueue    queue.o
    0x0805abc8   0x00000022   Code   RO         2685    i.prveMBError2Exception  mbutils.o
    0x0805abea   0x00000002   PAD
    0x0805abec   0x00000010   Code   RO         2093    i.prvvUART3RxISR    portserial.o
    0x0805abfc   0x00000010   Code   RO         2094    i.prvvUART3TxReadyISR  portserial.o
    0x0805ac0c   0x00000010   Code   RO         2095    i.prvvUART6RxISR    portserial.o
    0x0805ac1c   0x00000010   Code   RO         2096    i.prvvUART6TxReadyISR  portserial.o
    0x0805ac2c   0x00000010   Code   RO         2097    i.prvvUARTRxISR     portserial.o
    0x0805ac3c   0x00000010   Code   RO         2098    i.prvvUARTTxReadyISR  portserial.o
    0x0805ac4c   0x0000014c   Code   RO         1801    i.pvPortMalloc      heap_4.o
    0x0805ad98   0x00000020   Code   RO          640    i.pvTaskIncrementMutexHeldCount  tasks.o
    0x0805adb8   0x0000002c   Code   RO         1015    i.pvTimerGetTimerID  timers.o
    0x0805ade4   0x0000002c   Code   RO         1856    i.pxPortInitialiseStack  port.o
    0x0805ae10   0x00000038   Code   RO         2721    i.usMBCRC16         mbcrc.o
    0x0805ae48   0x00000028   Code   RO          176    i.uxListRemove      list.o
    0x0805ae70   0x00000018   Code   RO         1266    i.vApplicationGetIdleTaskMemory  cmsis_os2.o
    0x0805ae88   0x00000018   Code   RO         1267    i.vApplicationGetTimerTaskMemory  cmsis_os2.o
    0x0805aea0   0x0000001a   Code   RO          177    i.vListInitialise   list.o
    0x0805aeba   0x00000006   Code   RO          178    i.vListInitialiseItem  list.o
    0x0805aec0   0x00000034   Code   RO          179    i.vListInsert       list.o
    0x0805aef4   0x00000018   Code   RO          180    i.vListInsertEnd    list.o
    0x0805af0c   0x00000034   Code   RO         2100    i.vMBPortSerialEnable  portserial.o
    0x0805af40   0x00000070   Code   RO         2101    i.vMBPortSerialEnable3  portserial.o
    0x0805afb0   0x00000054   Code   RO         2102    i.vMBPortSerialEnable6  portserial.o
    0x0805b004   0x0000001c   Code   RO         2380    i.vMBPortTimersDisable  porttimer.o
    0x0805b020   0x0000001c   Code   RO         2381    i.vMBPortTimersDisable3  porttimer.o
    0x0805b03c   0x0000001c   Code   RO         2382    i.vMBPortTimersDisable6  porttimer.o
    0x0805b058   0x00000024   Code   RO         2383    i.vMBPortTimersEnable  porttimer.o
    0x0805b07c   0x00000024   Code   RO         2384    i.vMBPortTimersEnable3  porttimer.o
    0x0805b0a0   0x00000024   Code   RO         2385    i.vMBPortTimersEnable6  porttimer.o
    0x0805b0c4   0x00000054   Code   RO         1858    i.vPortEnterCritical  port.o
    0x0805b118   0x0000003c   Code   RO         1859    i.vPortExitCritical  port.o
    0x0805b154   0x000000a4   Code   RO         1802    i.vPortFree         heap_4.o
    0x0805b1f8   0x00000028   Code   RO         1860    i.vPortSetupTimerInterrupt  port.o
    0x0805b220   0x00000078   Code   RO         1861    i.vPortValidateInterruptPriority  port.o
    0x0805b298   0x0000002c   Code   RO          229    i.vQueueAddToRegistry  queue.o
    0x0805b2c4   0x00000032   Code   RO          230    i.vQueueDelete      queue.o
    0x0805b2f6   0x00000002   PAD
    0x0805b2f8   0x00000030   Code   RO          232    i.vQueueUnregisterQueue  queue.o
    0x0805b328   0x0000004a   Code   RO          233    i.vQueueWaitForMessageRestricted  queue.o
    0x0805b372   0x00000002   PAD
    0x0805b374   0x0000005c   Code   RO          650    i.vTaskDelay        tasks.o
    0x0805b3d0   0x000000c8   Code   RO          652    i.vTaskDelete       tasks.o
    0x0805b498   0x00000018   Code   RO          655    i.vTaskInternalSetTimeOutState  tasks.o
    0x0805b4b0   0x0000000c   Code   RO          656    i.vTaskMissedYield  tasks.o
    0x0805b4bc   0x00000038   Code   RO          658    i.vTaskPlaceOnEventList  tasks.o
    0x0805b4f4   0x00000040   Code   RO          659    i.vTaskPlaceOnEventListRestricted  tasks.o
    0x0805b534   0x000000d0   Code   RO          661    i.vTaskPriorityDisinheritAfterTimeout  tasks.o
    0x0805b604   0x000000b8   Code   RO          667    i.vTaskStartScheduler  tasks.o
    0x0805b6bc   0x00000010   Code   RO          669    i.vTaskSuspendAll   tasks.o
    0x0805b6cc   0x00000090   Code   RO          670    i.vTaskSwitchContext  tasks.o
    0x0805b75c   0x00000024   Code   RO         1978    i.xMBPortEventGet   portevent.o
    0x0805b780   0x00000024   Code   RO         1979    i.xMBPortEventGet3  portevent.o
    0x0805b7a4   0x00000024   Code   RO         1980    i.xMBPortEventGet6  portevent.o
    0x0805b7c8   0x00000010   Code   RO         1981    i.xMBPortEventInit  portevent.o
    0x0805b7d8   0x00000010   Code   RO         1982    i.xMBPortEventInit3  portevent.o
    0x0805b7e8   0x00000010   Code   RO         1983    i.xMBPortEventInit6  portevent.o
    0x0805b7f8   0x00000028   Code   RO         1984    i.xMBPortEventPost  portevent.o
    0x0805b820   0x00000028   Code   RO         1985    i.xMBPortEventPost3  portevent.o
    0x0805b848   0x00000028   Code   RO         1986    i.xMBPortEventPost6  portevent.o
    0x0805b870   0x00000014   Code   RO         2103    i.xMBPortSerialGetByte  portserial.o
    0x0805b884   0x00000014   Code   RO         2104    i.xMBPortSerialGetByte3  portserial.o
    0x0805b898   0x00000014   Code   RO         2105    i.xMBPortSerialGetByte6  portserial.o
    0x0805b8ac   0x000000dc   Code   RO         2106    i.xMBPortSerialInit  portserial.o
    0x0805b988   0x000000a8   Code   RO         2107    i.xMBPortSerialInit3  portserial.o
    0x0805ba30   0x00000098   Code   RO         2108    i.xMBPortSerialInit6  portserial.o
    0x0805bac8   0x00000014   Code   RO         2109    i.xMBPortSerialPutByte  portserial.o
    0x0805badc   0x00000014   Code   RO         2110    i.xMBPortSerialPutByte3  portserial.o
    0x0805baf0   0x00000014   Code   RO         2111    i.xMBPortSerialPutByte6  portserial.o
    0x0805bb04   0x00000018   Code   RO         2112    i.xMBPortSerialWaitTC  portserial.o
    0x0805bb1c   0x00000018   Code   RO         2113    i.xMBPortSerialWaitTC3  portserial.o
    0x0805bb34   0x00000018   Code   RO         2114    i.xMBPortSerialWaitTC6  portserial.o
    0x0805bb4c   0x00000044   Code   RO         2386    i.xMBPortTimersInit  porttimer.o
    0x0805bb90   0x00000044   Code   RO         2387    i.xMBPortTimersInit3  porttimer.o
    0x0805bbd4   0x00000044   Code   RO         2388    i.xMBPortTimersInit6  porttimer.o
    0x0805bc18   0x00000088   Code   RO         2762    i.xMBRTUReceiveFSM  mbrtu.o
    0x0805bca0   0x00000088   Code   RO         2763    i.xMBRTUReceiveFSM3  mbrtu.o
    0x0805bd28   0x00000088   Code   RO         2764    i.xMBRTUReceiveFSM6  mbrtu.o
    0x0805bdb0   0x00000040   Code   RO         2765    i.xMBRTUTimerT35Expired  mbrtu.o
    0x0805bdf0   0x00000040   Code   RO         2766    i.xMBRTUTimerT35Expired3  mbrtu.o
    0x0805be30   0x00000040   Code   RO         2767    i.xMBRTUTimerT35Expired6  mbrtu.o
    0x0805be70   0x00000070   Code   RO         2768    i.xMBRTUTransmitFSM  mbrtu.o
    0x0805bee0   0x00000070   Code   RO         2769    i.xMBRTUTransmitFSM3  mbrtu.o
    0x0805bf50   0x00000070   Code   RO         2770    i.xMBRTUTransmitFSM6  mbrtu.o
    0x0805bfc0   0x0000002a   Code   RO         2686    i.xMBUtilGetBits    mbutils.o
    0x0805bfea   0x00000060   Code   RO         2687    i.xMBUtilSetBits    mbutils.o
    0x0805c04a   0x00000002   PAD
    0x0805c04c   0x00000168   Code   RO         1862    i.xPortStartScheduler  port.o
    0x0805c1b4   0x00000034   Code   RO         1863    i.xPortSysTickHandler  port.o
    0x0805c1e8   0x0000005c   Code   RO          234    i.xQueueCreateCountingSemaphore  queue.o
    0x0805c244   0x00000064   Code   RO          235    i.xQueueCreateCountingSemaphoreStatic  queue.o
    0x0805c2a8   0x00000022   Code   RO          236    i.xQueueCreateMutex  queue.o
    0x0805c2ca   0x0000002a   Code   RO          237    i.xQueueCreateMutexStatic  queue.o
    0x0805c2f4   0x0000005a   Code   RO          238    i.xQueueGenericCreate  queue.o
    0x0805c34e   0x000000e0   Code   RO          239    i.xQueueGenericCreateStatic  queue.o
    0x0805c42e   0x00000002   PAD
    0x0805c430   0x00000098   Code   RO          240    i.xQueueGenericReset  queue.o
    0x0805c4c8   0x000001a8   Code   RO          241    i.xQueueGenericSend  queue.o
    0x0805c670   0x000000fc   Code   RO          242    i.xQueueGenericSendFromISR  queue.o
    0x0805c76c   0x000000e0   Code   RO          245    i.xQueueGiveFromISR  queue.o
    0x0805c84c   0x00000048   Code   RO          246    i.xQueueGiveMutexRecursive  queue.o
    0x0805c894   0x00000168   Code   RO          251    i.xQueueReceive     queue.o
    0x0805c9fc   0x000000ca   Code   RO          252    i.xQueueReceiveFromISR  queue.o
    0x0805cac6   0x00000002   PAD
    0x0805cac8   0x000001b8   Code   RO          253    i.xQueueSemaphoreTake  queue.o
    0x0805cc80   0x0000004e   Code   RO          254    i.xQueueTakeMutexRecursive  queue.o
    0x0805ccce   0x00000002   PAD
    0x0805ccd0   0x0000008c   Code   RO          672    i.xTaskCheckForTimeOut  tasks.o
    0x0805cd5c   0x00000064   Code   RO          673    i.xTaskCreate       tasks.o
    0x0805cdc0   0x000000ba   Code   RO          674    i.xTaskCreateStatic  tasks.o
    0x0805ce7a   0x00000002   PAD
    0x0805ce7c   0x00000128   Code   RO          675    i.xTaskGenericNotify  tasks.o
    0x0805cfa4   0x00000164   Code   RO          676    i.xTaskGenericNotifyFromISR  tasks.o
    0x0805d108   0x0000000c   Code   RO          677    i.xTaskGetCurrentTaskHandle  tasks.o
    0x0805d114   0x00000020   Code   RO          678    i.xTaskGetSchedulerState  tasks.o
    0x0805d134   0x0000000c   Code   RO          679    i.xTaskGetTickCount  tasks.o
    0x0805d140   0x00000144   Code   RO          681    i.xTaskIncrementTick  tasks.o
    0x0805d284   0x000000a0   Code   RO          683    i.xTaskNotifyWait   tasks.o
    0x0805d324   0x000000a4   Code   RO          684    i.xTaskPriorityDisinherit  tasks.o
    0x0805d3c8   0x000000a4   Code   RO          685    i.xTaskPriorityInherit  tasks.o
    0x0805d46c   0x00000098   Code   RO          686    i.xTaskRemoveFromEventList  tasks.o
    0x0805d504   0x00000104   Code   RO          687    i.xTaskResumeAll    tasks.o
    0x0805d608   0x00000036   Code   RO         1021    i.xTimerCreate      timers.o
    0x0805d63e   0x00000072   Code   RO         1022    i.xTimerCreateStatic  timers.o
    0x0805d6b0   0x00000078   Code   RO         1023    i.xTimerCreateTimerTask  timers.o
    0x0805d728   0x00000084   Code   RO         1024    i.xTimerGenericCommand  timers.o
    0x0805d7ac   0x0000003a   Code   RO         1028    i.xTimerIsTimerActive  timers.o
    0x0805d7e6   0x00000018   Code   RO        10655    x$fpl$basic         fz_wm.l(basic.o)
    0x0805d7fe   0x00000002   PAD
    0x0805d800   0x00000062   Code   RO        10577    x$fpl$d2f           fz_wm.l(d2f.o)
    0x0805d862   0x00000002   PAD
    0x0805d864   0x00000150   Code   RO        10579    x$fpl$dadd          fz_wm.l(daddsub_clz.o)
    0x0805d9b4   0x00000018   Code   RO        10657    x$fpl$dcmpinf       fz_wm.l(dcmpi.o)
    0x0805d9cc   0x000002b0   Code   RO        10586    x$fpl$ddiv          fz_wm.l(ddiv.o)
    0x0805dc7c   0x00000078   Code   RO        10659    x$fpl$deqf          fz_wm.l(deqf.o)
    0x0805dcf4   0x0000005a   Code   RO        10589    x$fpl$dfixu         fz_wm.l(dfixu.o)
    0x0805dd4e   0x0000002e   Code   RO        10594    x$fpl$dflt          fz_wm.l(dflt_clz.o)
    0x0805dd7c   0x00000026   Code   RO        10593    x$fpl$dfltu         fz_wm.l(dflt_clz.o)
    0x0805dda2   0x00000002   PAD
    0x0805dda4   0x00000078   Code   RO        10599    x$fpl$dleqf         fz_wm.l(dleqf.o)
    0x0805de1c   0x00000154   Code   RO        10601    x$fpl$dmul          fz_wm.l(dmul.o)
    0x0805df70   0x0000009c   Code   RO        10661    x$fpl$dnaninf       fz_wm.l(dnaninf.o)
    0x0805e00c   0x0000000c   Code   RO        10663    x$fpl$dretinf       fz_wm.l(dretinf.o)
    0x0805e018   0x0000006c   Code   RO        10603    x$fpl$drleqf        fz_wm.l(drleqf.o)
    0x0805e084   0x00000016   Code   RO        10580    x$fpl$drsb          fz_wm.l(daddsub_clz.o)
    0x0805e09a   0x00000002   PAD
    0x0805e09c   0x000001d4   Code   RO        10581    x$fpl$dsub          fz_wm.l(daddsub_clz.o)
    0x0805e270   0x00000056   Code   RO        10605    x$fpl$f2d           fz_wm.l(f2d.o)
    0x0805e2c6   0x0000008c   Code   RO        10665    x$fpl$fnaninf       fz_wm.l(fnaninf.o)
    0x0805e352   0x0000000a   Code   RO        10794    x$fpl$fpinit        fz_wm.l(fpinit.o)
    0x0805e35c   0x0000000a   Code   RO        10667    x$fpl$fretinf       fz_wm.l(fretinf.o)
    0x0805e366   0x00000000   Code   RO        10669    x$fpl$usenofp       fz_wm.l(usenofp.o)
    0x0805e366   0x00000200   Data   RO         2722    .constdata          mbcrc.o
    0x0805e566   0x0000002b   Data   RO         5799    .constdata          datacollecttask.o
    0x0805e591   0x00000003   PAD
    0x0805e594   0x00000d38   Data   RO         5979    .constdata          instrumentinfo.o
    0x0805f2cc   0x00000224   Data   RO         6731    .constdata          freertos.o
    0x0805f4f0   0x00000008   Data   RO         6767    .constdata          adc.o
    0x0805f4f8   0x0000000e   Data   RO         6977    .constdata          tim.o
    0x0805f506   0x00000008   Data   RO         7044    .constdata          usart.o
    0x0805f50e   0x00000008   Data   RO         7103    .constdata          stm32f4xx_it.o
    0x0805f516   0x00000010   Data   RO         7303    .constdata          system_stm32f4xx.o
    0x0805f526   0x00000008   Data   RO         7304    .constdata          system_stm32f4xx.o
    0x0805f52e   0x00000002   PAD
    0x0805f530   0x00000038   Data   RO        10616    .constdata          m_wm.l(log.o)
    0x0805f568   0x00000008   Data   RO        10686    .constdata          m_wm.l(qnan.o)
    0x0805f570   0x0000012f   Data   RO         6732    .conststring        freertos.o
    0x0805f69f   0x00000001   PAD
    0x0805f6a0   0x00000020   Data   RO        10849    Region$$Table       anon$$obj.o


    Execution Region RW_IRAM2 (Base: 0x10000000, Size: 0x00000000, Max: 0x00010000, ABSOLUTE)

    **** No section assigned to this execution region ****


    Execution Region RW_IRAM1 (Base: 0x20000000, Size: 0x0000ae68, Max: 0x00030000, ABSOLUTE, COMPRESSED[0x000000ec])

    Base Addr    Size         Type   Attr      Idx    E Section Name        Object

    0x20000000   0x0000003c   Data   RW          690    .data               tasks.o
    0x2000003c   0x00000014   Data   RW         1032    .data               timers.o
    0x20000050   0x00000004   Data   RW         1269    .data               cmsis_os2.o
    0x20000054   0x00000020   Data   RW         1808    .data               heap_4.o
    0x20000074   0x0000000c   Data   RW         1864    .data               port.o
    0x20000080   0x00000006   Data   RW         1987    .data               portevent.o
    0x20000086   0x00000002   PAD
    0x20000088   0x0000000c   Data   RW         2116    .data               portserial.o
    0x20000094   0x00000002   Data   RW         2655    .data               mbfuncother.o
    0x20000096   0x00000002   PAD
    0x20000098   0x00000024   Data   RW         2773    .data               mbrtu.o
    0x200000bc   0x00000115   Data   RW         2940    .data               mb.o
    0x200001d1   0x00000001   PAD
    0x200001d2   0x0000000a   Data   RW         3060    .data               modbus.o
    0x200001dc   0x000000a4   Data   RW         3204    .data               flashuserdata.o
    0x20000280   0x0000003c   Data   RW         3366    .data               peristalticpump.o
    0x200002bc   0x00000011   Data   RW         3519    .data               progressbar.o
    0x200002cd   0x00000003   PAD
    0x200002d0   0x0000001c   Data   RW         3648    .data               valve.o
    0x200002ec   0x00000004   Data   RW         3819    .data               testledctr.o
    0x200002f0   0x00000016   Data   RW         4127    .data               ads1220.o
    0x20000306   0x00000002   PAD
    0x20000308   0x00000025   Data   RW         4640    .data               modbusdata_mb3.o
    0x2000032d   0x00000003   PAD
    0x20000330   0x00000010   Data   RW         4856    .data               yssyringepump.o
    0x20000340   0x00000002   Data   RW         5089    .data               syringepump.o
    0x20000342   0x00000002   PAD
    0x20000344   0x0000000a   Data   RW         5235    .data               uartsrxtask.o
    0x2000034e   0x00000002   PAD
    0x20000350   0x00000026   Data   RW         5522    .data               processcontroltask.o
    0x20000376   0x00000002   PAD
    0x20000378   0x0000001c   Data   RW         5692    .data               tempcontroltask.o
    0x20000394   0x00000034   Data   RW         5800    .data               datacollecttask.o
    0x200003c8   0x00000010   Data   RW         5883    .data               stirtask.o
    0x200003d8   0x00000001   Data   RW         5934    .data               errormanagetask.o
    0x200003d9   0x00000003   PAD
    0x200003dc   0x00000004   Data   RW         6081    .data               procapi.o
    0x200003e0   0x0000001c   Data   RW         6439    .data               proccommon.o
    0x200003fc   0x0000005c   Data   RW         6733    .data               freertos.o
    0x20000458   0x00000004   Data   RW         7104    .data               stm32f4xx_it.o
    0x2000045c   0x00000004   Data   RW         7305    .data               system_stm32f4xx.o
    0x20000460   0x00000009   Data   RW         8763    .data               stm32f4xx_hal.o
    0x20000469   0x00000003   PAD
    0x2000046c   0x00000040   Zero   RW          255    .bss                queue.o
    0x200004ac   0x000004c4   Zero   RW          689    .bss                tasks.o
    0x20000970   0x00000118   Zero   RW         1031    .bss                timers.o
    0x20000a88   0x000006b8   Zero   RW         1268    .bss                cmsis_os2.o
    0x20001140   0x00003c00   Zero   RW         1807    .bss                heap_4.o
    0x20004d40   0x00000020   Zero   RW         2654    .bss                mbfuncother.o
    0x20004d60   0x00000600   Zero   RW         2771    .bss                mbrtu.o
    0x20005360   0x00000400   Zero   RW         3058    .bss                modbus.o
    0x20005760   0x00001814   Zero   RW         3202    .bss                flashuserdata.o
    0x20006f74   0x00000800   Zero   RW         4125    .bss                ads1220.o
    0x20007774   0x000003fc   Zero   RW         4638    .bss                modbusdata_mb3.o
    0x20007b70   0x00000080   Zero   RW         4671    .bss                opt2000.o
    0x20007bf0   0x00000040   Zero   RW         4854    .bss                yssyringepump.o
    0x20007c30   0x00000080   Zero   RW         5087    .bss                syringepump.o
    0x20007cb0   0x000000f8   Zero   RW         5690    .bss                tempcontroltask.o
    0x20007da8   0x00000724   Zero   RW         5798    .bss                datacollecttask.o
    0x200084cc   0x00000050   Zero   RW         5978    .bss                instrumentinfo.o
    0x2000851c   0x00000050   Zero   RW         6437    .bss                proccommon.o
    0x2000856c   0x00000030   Zero   RW         7102    .bss                stm32f4xx_it.o
    0x2000859c   0x00000048   Zero   RW         7265    .bss                stm32f4xx_hal_timebase_tim.o
    0x200085e4   0x00000020   Zero   RW         7985    .bss                stm32f4xx_hal_flash.o
    0x20008604   0x00000060   Zero   RW        10712    .bss                c_w.l(libspace.o)
    0x20008664   0x00000004   PAD
    0x20008668   0x00002000   Zero   RW            2    HEAP                startup_stm32f407xx.o
    0x2000a668   0x00000800   Zero   RW            1    STACK               startup_stm32f407xx.o


==============================================================================

Image component sizes


      Code (inc. data)   RO Data    RW Data    ZI Data      Debug   Object Name

       696         58          8          0          0      60303   adc.o
       960         68          0         22       2048      25166   ads1220.o
       454         40          0          0          0      28448   clock.o
      1972         58          0          4       1720     762942   cmsis_os2.o
         0          0          0          0          0      14864   croutine.o
       136         26          0          0          0       6542   dac.o
      1620        196         43         52       1828      86135   datacollecttask.o
       276         36          0          0          0      32237   dma.o
       118         22          0          1          0       2552   errormanagetask.o
         0          0          0          0          0      22248   event_groups.o
      1570        136          0        164       6164       6591   flashuserdata.o
       428        150        851         92          0       4014   freertos.o
       428         28          0          0          0       7187   gpio.o
       724         74          0         32      15360       5163   heap_4.o
       292         54       3384          0         80       6603   instrumentinfo.o
        56          6          0          0          0       2507   iwdg.o
       148          0          0          0          0       3866   list.o
       532         64          0          0          0      35836   main.o
      1800        376          0        277          0      10635   mb.o
        56          8        512          0          0       1380   mbcrc.o
       206          0          0          0          0       3399   mbfuncblock.o
       430          0          0          0          0       8083   mbfunccoils.o
       172          0          0          0          0       1724   mbfuncdisc.o
       512          0          0          0          0       5339   mbfuncholding.o
       140          0          0          0          0       1675   mbfuncinput.o
        40         10          0          2         32       1547   mbfuncother.o
      2124        210          0         36       1536      19427   mbrtu.o
       172          0          0          0          0       2910   mbutils.o
       932         72          0         10       1024      26262   modbus.o
         0          0          0         37       1020      10806   modbusdata_mb3.o
        54          6          0          0          0       8153   modbusmaster.o
       164         18          0          0          0      26872   mtimers.o
       560         28          0          0        128       6444   opt2000.o
      3944        428          0         60          0      17220   peristalticpump.o
       554         12          0          0          0       5903   pid.o
      1014         92          0         12          0      12313   port.o
         8          0          0          0          0       1049   port_1.o
       276         90          0          6          0      16629   portevent.o
      1376        120          0         12          0     136932   portserial.o
       486         66          0          0          0      39293   porttimer.o
      2628        112          0          4          0      29618   procapi.o
       542          0          0          0          0       1180   proccodcl.o
       754          0          0          0          0       1256   proccodcr.o
       576         10          0          0          0       1176   proccodmn.o
       962         78          0         28         80       4635   proccommon.o
     12692        562          0         38          0      24850   processcontroltask.o
       940          4          0          0          0       1384   procnh_ii.o
       834          0          0          0          0       1289   proctn.o
       602          0          0          0          0       1190   proctnr.o
       892          0          0          0          0       1329   proctp.o
       292         58          0         17          0       3054   progressbar.o
      3444         30          0          0         64      31896   queue.o
        28          6          0          0          0        614   replyhost.o
       468         48          0          0          0      85109   rtc.o
       328         36          0          0          0      11786   spi.o
        64         26        392          0      10240        876   startup_stm32f407xx.o
       458         48          0         16          0       8210   stirtask.o
       358         50          0          0          0       2788   stm32f4flashopt.o
        96         20          0          9          0       8390   stm32f4xx_hal.o
       252         22          0          0          0      33954   stm32f4xx_hal_cortex.o
       652         64          0          0         32       6478   stm32f4xx_hal_flash.o
       432         26          0          0          0       3498   stm32f4xx_hal_flash_ex.o
        32          0          0          0          0       1857   stm32f4xx_hal_gpio.o
        76          8          0          0          0        950   stm32f4xx_hal_msp.o
        34          6          0          0          0       1211   stm32f4xx_hal_pwr.o
       112         26          0          0          0       2582   stm32f4xx_hal_rcc.o
       902         76          0          0          0       6966   stm32f4xx_hal_tim.o
         4          0          0          0          0       1729   stm32f4xx_hal_tim_ex.o
       120         18          0          0         72       1616   stm32f4xx_hal_timebase_tim.o
      1168        120          8          4         48      62468   stm32f4xx_it.o
       278         28          0          0          0      54324   stm32f4xx_ll_adc.o
       126          0          0          0          0      13298   stm32f4xx_ll_dac.o
       312          0          0          0          0       7479   stm32f4xx_ll_gpio.o
       336         60          0          0          0      28697   stm32f4xx_ll_rcc.o
       900         10          0          0          0      36375   stm32f4xx_ll_rtc.o
       108          0          0          0          0      20418   stm32f4xx_ll_spi.o
       820         78          0          0          0      35359   stm32f4xx_ll_tim.o
       882         66          0          0          0      20082   stm32f4xx_ll_usart.o
        12          6          0          0          0        640   stm32f4xx_ll_utils.o
       706         32          0          0          0      23856   stmcalendar.o
         0          0          0          0          0        392   stream_buffer.o
      1100         88          0          2        128      10359   syringepump.o
        32         14         24          4          0       1331   system_stm32f4xx.o
      4384        502          0         60       1220      37796   tasks.o
      2404        218          0         28        248      38671   tempcontroltask.o
       694         80          0          4          0      40188   testledctr.o
      1356        128         14          0          0      39183   tim.o
      1678        124          0         20        280      38641   timers.o
     39772       1552          0         10          0      87133   uartsrxtask.o
      1260        110          8          0          0      18106   usart.o
      1258        222          0         28          0       9266   valve.o
        36          0          0          0          0       4072   ysspectro.o
      2528        168          0         16         64      20930   yssyringepump.o

    ----------------------------------------------------------------------
    117236       7492       5282       1132      43416    2407734   Object Totals
         0          0         32          0          0          0   (incl. Generated)
        82          0          6         25          0          0   (incl. Padding)

    ----------------------------------------------------------------------

      Code (inc. data)   RO Data    RW Data    ZI Data      Debug   Library Member Name

        44          6          0          0          0         84   __2sprintf.o
        90          0          0          0          0          0   __dczerorl2.o
         8          0          0          0          0         68   __main.o
       104          0          0          0          0         84   __printf.o
         0          0          0          0          0          0   __rtentry.o
        12          0          0          0          0          0   __rtentry2.o
         6          0          0          0          0          0   __rtentry4.o
        52          8          0          0          0          0   __scatter.o
        28          0          0          0          0          0   __scatter_zi.o
        48          6          0          0          0         96   _printf_char_common.o
         6          0          0          0          0          0   _printf_d.o
       120         16          0          0          0         92   _printf_dec.o
       178          0          0          0          0         88   _printf_intcommon.o
         0          0          0          0          0          0   _printf_percent.o
         4          0          0          0          0          0   _printf_percent_end.o
        22          0          0          0          0        100   _rserrno.o
        10          0          0          0          0         68   _sputc.o
        16          0          0          0          0         68   aeabi_memset.o
        12          0          0          0          0         72   exit.o
         6          0          0          0          0        152   heapauxi.o
         2          0          0          0          0          0   libinit.o
         6          0          0          0          0          0   libinit2.o
         2          0          0          0          0          0   libshutdown.o
         2          0          0          0          0          0   libshutdown2.o
         8          4          0          0         96         68   libspace.o
       238          0          0          0          0        100   lludivv7m.o
         8          4          0          0          0         68   rt_errno_addr_intlibspace.o
        68          0          0          0          0         68   rt_memclr.o
        78          0          0          0          0         80   rt_memclr_w.o
       138          0          0          0          0         68   rt_memcpy_v6.o
       100          0          0          0          0         80   rt_memcpy_w.o
         2          0          0          0          0          0   rtexit.o
        10          0          0          0          0          0   rtexit2.o
        74          0          0          0          0         80   sys_stackheap_outer.o
        24          0          0          0          0        164   basic.o
        98          4          0          0          0        140   d2f.o
       826         16          0          0          0        492   daddsub_clz.o
        24          0          0          0          0        116   dcmpi.o
       688        140          0          0          0        256   ddiv.o
       120          4          0          0          0        140   deqf.o
        90          4          0          0          0        140   dfixu.o
        84          0          0          0          0        232   dflt_clz.o
       120          4          0          0          0        140   dleqf.o
       340         12          0          0          0        152   dmul.o
       156          4          0          0          0        140   dnaninf.o
        12          0          0          0          0        116   dretinf.o
       108          0          0          0          0        128   drleqf.o
        86          4          0          0          0        132   f2d.o
       140          4          0          0          0        132   fnaninf.o
        10          0          0          0          0        116   fpinit.o
        10          0          0          0          0        116   fretinf.o
         0          0          0          0          0          0   usenofp.o
       100         28          0          0          0        372   dunder.o
        20          0          0          0          0        124   fabs.o
       980         92         56          0          0        440   log.o
       304         44          0          0          0        200   log10.o
       248          0          0          0          0        152   poly.o
         0          0          8          0          0          0   qnan.o

    ----------------------------------------------------------------------
      6122        408         64          0        100       5724   Library Totals
        32          4          0          0          4          0   (incl. Padding)

    ----------------------------------------------------------------------

      Code (inc. data)   RO Data    RW Data    ZI Data      Debug   Library Name

      1502         44          0          0         96       1584   c_w.l
      2936        196          0          0          0       2852   fz_wm.l
      1652        164         64          0          0       1288   m_wm.l

    ----------------------------------------------------------------------
      6122        408         64          0        100       5724   Library Totals

    ----------------------------------------------------------------------

==============================================================================


      Code (inc. data)   RO Data    RW Data    ZI Data      Debug   

    123358       7900       5346       1132      43516    2344478   Grand Totals
    123358       7900       5346        236      43516    2344478   ELF Image Totals (compressed)
    123358       7900       5346        236          0          0   ROM Totals

==============================================================================

    Total RO  Size (Code + RO Data)               128704 ( 125.69kB)
    Total RW  Size (RW Data + ZI Data)             44648 (  43.60kB)
    Total ROM Size (Code + RO Data + RW Data)     128940 ( 125.92kB)

==============================================================================

